2026-09-19 13:06:20,027 INFO: 
                ____                _       _____  ____
               / __ ) ____ _ _____ (_)_____/ ___/ / __ \
              / __  |/ __ `// ___// // ___/\__ \ / /_/ /
             / /_/ // /_/ /(__  )/ // /__ ___/ // _, _/
            /_____/ \__,_//____//_/ \___//____//_/ |_|
     ______                   __   __                 __      __
    / ____/____   ____   ____/ /  / /   __  __ _____ / /__   / /
   / / __ / __ \ / __ \ / __  /  / /   / / / // ___// //_/  / /
  / /_/ // /_/ // /_/ // /_/ /  / /___/ /_/ // /__ / /<    /_/
  \____/ \____/ \____/ \____/  /_____/\____/ \___//_/|_|  (_)
    
Version Information: 
	BasicSR: 1.4.2
	PyTorch: 2.11.0+cu128
	TorchVision: 0.26.0+cu128
2026-09-19 13:06:20,027 INFO: 
  name: arcgis_B
  model_type: SSRESRGANModel
  scale: 4
  num_gpu: 1
  manual_seed: 0
  l1_gt_usm: True
  percep_gt_usm: True
  gan_gt_usm: False
  feed_disc_lr: True
  datasets:[
    train:[
      name: india_l2a_train
      type: S2ArcGISDataset
      sentinel2_path: ./data/training/train/sentinel2
      hr_path: ./data/training/train/arcgis
      n_s2_images: 8
      preload: False
      augment: True
      use_shuffle: True
      num_worker_per_gpu: 6
      batch_size_per_gpu: 12
      dataset_enlarge_ratio: 1
      phase: train
      scale: 4
    ]
    val:[
      name: india_l2a_val
      type: S2ArcGISDataset
      sentinel2_path: ./data/training/val/sentinel2
      hr_path: ./data/training/val/arcgis
      n_s2_images: 8
      max_tiles: 50
      random_frames: False
      preload: True
      use_shuffle: False
      num_worker_per_gpu: 2
      batch_size_per_gpu: 1
      phase: val
      scale: 4
    ]
  ]
  network_g:[
    type: SSR_RRDBNet
    num_in_ch: 24
    num_out_ch: 3
    num_feat: 64
    num_block: 23
    num_grow_ch: 32
  ]
  network_d:[
    type: SSR_UNetDiscriminatorSN
    num_in_ch: 27
    num_feat: 64
    skip_connection: True
  ]
  path:[
    pretrain_network_g: ./weights/india_finetune_net_g_20000.pth
    param_key_g: params_ema
    strict_load_g: True
    pretrain_network_d: ./weights/india_finetune_net_d_20000.pth
    param_key_d: params
    strict_load_d: True
    resume_state: None
    experiments_root: D:\Programs\Python\ESRGAN\experiments\arcgis_B
    models: D:\Programs\Python\ESRGAN\experiments\arcgis_B\models
    training_states: D:\Programs\Python\ESRGAN\experiments\arcgis_B\training_states
    log: D:\Programs\Python\ESRGAN\experiments\arcgis_B
    visualization: D:\Programs\Python\ESRGAN\experiments\arcgis_B\visualization
  ]
  train:[
    ema_decay: 0.999
    optim_g:[
      type: Adam
      lr: 5e-05
      weight_decay: 0
      betas: [0.9, 0.99]
    ]
    optim_d:[
      type: Adam
      lr: 0.0001
      weight_decay: 0
      betas: [0.9, 0.99]
    ]
    scheduler:[
      type: MultiStepLR
      milestones: [19200]
      gamma: 0.5
    ]
    total_iter: 24000
    warmup_iter: -1
    pixel_opt:[
      type: L1Loss
      loss_weight: 1.0
      reduction: mean
    ]
    perceptual_opt:[
      type: PerceptualLoss
      layer_weights:[
        conv1_2: 0.1
        conv2_2: 0.1
        conv3_4: 1
        conv4_4: 1
        conv5_4: 1
      ]
      vgg_type: vgg19
      use_input_norm: True
      perceptual_weight: 1.0
      style_weight: 0
      range_norm: False
      criterion: l1
    ]
    gan_opt:[
      type: GANLoss
      gan_type: vanilla
      real_label_val: 1.0
      fake_label_val: 0.0
      loss_weight: 0.05
    ]
    grad_opt:[
      loss_weight: 0.5
    ]
    net_d_iters: 1
    net_d_init_iters: 0
  ]
  val:[
    val_freq: 6000.0
    save_img: False
    metrics:[
      cpsnr:[
        type: calculate_cpsnr
        crop_border: 4
      ]
      psnr:[
        type: calculate_psnr
        crop_border: 4
        test_y_channel: False
      ]
      ssim:[
        type: calculate_ssim
        crop_border: 4
        test_y_channel: False
      ]
      lpips:[
        type: calculate_lpips
        lpips_model: alexnet
        better: lower
      ]
      edge_f1:[
        type: calculate_edge_f1
        crop_border: 4
      ]
      grad_corr:[
        type: calculate_grad_corr
        crop_border: 4
      ]
    ]
  ]
  logger:[
    print_freq: 200
    save_checkpoint_freq: 6000.0
    use_tb_logger: True
    wandb:[
      project: None
      resume_id: None
    ]
  ]
  dist_params:[
    backend: nccl
    port: 29500
  ]
  dist: False
  rank: 0
  world_size: 1
  auto_resume: False
  is_train: True
  root_path: D:\Programs\Python\ESRGAN

2026-09-19 13:06:25,677 INFO: Dataset [S2ArcGISDataset] - india_l2a_train is built.
2026-09-19 13:06:25,678 INFO: Training statistics:
	Number of train images: 103936
	Dataset enlarge ratio: 1
	Batch size per gpu: 12
	World size (gpu number): 1
	Require iter number per epoch: 8662
	Total epochs: 3; iters: 24000.
2026-09-19 13:06:25,739 INFO: Dataset [S2ArcGISDataset] - india_l2a_val is built.
2026-09-19 13:06:25,740 INFO: Number of val images/folders in india_l2a_val: 50
2026-09-19 13:06:25,922 INFO: Network [SSR_RRDBNet] is created.
2026-09-19 13:06:26,081 INFO: Network: SSR_RRDBNet, with parameters: 16,710,083
2026-09-19 13:06:26,081 INFO: SSR_RRDBNet(
  (conv_first): Conv2d(24, 64, kernel_size=(3, 3), stride=(1, 1), padding=(1, 1))
  (body): Sequential(
    (0): RRDB(
      (rdb1): ResidualDenseBlock(
        (conv1): Conv2d(64, 32, kernel_size=(3, 3), stride=(1, 1), padding=(1, 1))
        (conv2): Conv2d(96, 32, kernel_size=(3, 3), stride=(1, 1), padding=(1, 1))
        (conv3): Conv2d(128, 32, kernel_size=(3, 3), stride=(1, 1), padding=(1, 1))
        (conv4): Conv2d(160, 32, kernel_size=(3, 3), stride=(1, 1), padding=(1, 1))
        (conv5): Conv2d(192, 64, kernel_size=(3, 3), stride=(1, 1), padding=(1, 1))
        (lrelu): LeakyReLU(negative_slope=0.2, inplace=True)
      )
      (rdb2): ResidualDenseBlock(
        (conv1): Conv2d(64, 32, kernel_size=(3, 3), stride=(1, 1), padding=(1, 1))
        (conv2): Conv2d(96, 32, kernel_size=(3, 3), stride=(1, 1), padding=(1, 1))
        (conv3): Conv2d(128, 32, kernel_size=(3, 3), stride=(1, 1), padding=(1, 1))
        (conv4): Conv2d(160, 32, kernel_size=(3, 3), stride=(1, 1), padding=(1, 1))
        (conv5): Conv2d(192, 64, kernel_size=(3, 3), stride=(1, 1), padding=(1, 1))
        (lrelu): LeakyReLU(negative_slope=0.2, inplace=True)
      )
      (rdb3): ResidualDenseBlock(
        (conv1): Conv2d(64, 32, kernel_size=(3, 3), stride=(1, 1), padding=(1, 1))
        (conv2): Conv2d(96, 32, kernel_size=(3, 3), stride=(1, 1), padding=(1, 1))
        (conv3): Conv2d(128, 32, kernel_size=(3, 3), stride=(1, 1), padding=(1, 1))
        (conv4): Conv2d(160, 32, kernel_size=(3, 3), stride=(1, 1), padding=(1, 1))
        (conv5): Conv2d(192, 64, kernel_size=(3, 3), stride=(1, 1), padding=(1, 1))
        (lrelu): LeakyReLU(negative_slope=0.2, inplace=True)
      )
    )
    (1): RRDB(
      (rdb1): ResidualDenseBlock(
        (conv1): Conv2d(64, 32, kernel_size=(3, 3), stride=(1, 1), padding=(1, 1))
        (conv2): Conv2d(96, 32, kernel_size=(3, 3), stride=(1, 1), padding=(1, 1))
        (conv3): Conv2d(128, 32, kernel_size=(3, 3), stride=(1, 1), padding=(1, 1))
        (conv4): Conv2d(160, 32, kernel_size=(3, 3), stride=(1, 1), padding=(1, 1))
        (conv5): Conv2d(192, 64, kernel_size=(3, 3), stride=(1, 1), padding=(1, 1))
        (lrelu): LeakyReLU(negative_slope=0.2, inplace=True)
      )
      (rdb2): ResidualDenseBlock(
        (conv1): Conv2d(64, 32, kernel_size=(3, 3), stride=(1, 1), padding=(1, 1))
        (conv2): Conv2d(96, 32, kernel_size=(3, 3), stride=(1, 1), padding=(1, 1))
        (conv3): Conv2d(128, 32, kernel_size=(3, 3), stride=(1, 1), padding=(1, 1))
        (conv4): Conv2d(160, 32, kernel_size=(3, 3), stride=(1, 1), padding=(1, 1))
        (conv5): Conv2d(192, 64, kernel_size=(3, 3), stride=(1, 1), padding=(1, 1))
        (lrelu): LeakyReLU(negative_slope=0.2, inplace=True)
      )
      (rdb3): ResidualDenseBlock(
        (conv1): Conv2d(64, 32, kernel_size=(3, 3), stride=(1, 1), padding=(1, 1))
        (conv2): Conv2d(96, 32, kernel_size=(3, 3), stride=(1, 1), padding=(1, 1))
        (conv3): Conv2d(128, 32, kernel_size=(3, 3), stride=(1, 1), padding=(1, 1))
        (conv4): Conv2d(160, 32, kernel_size=(3, 3), stride=(1, 1), padding=(1, 1))
        (conv5): Conv2d(192, 64, kernel_size=(3, 3), stride=(1, 1), padding=(1, 1))
        (lrelu): LeakyReLU(negative_slope=0.2, inplace=True)
      )
    )
    (2): RRDB(
      (rdb1): ResidualDenseBlock(
        (conv1): Conv2d(64, 32, kernel_size=(3, 3), stride=(1, 1), padding=(1, 1))
        (conv2): Conv2d(96, 32, kernel_size=(3, 3), stride=(1, 1), padding=(1, 1))
        (conv3): Conv2d(128, 32, kernel_size=(3, 3), stride=(1, 1), padding=(1, 1))
        (conv4): Conv2d(160, 32, kernel_size=(3, 3), stride=(1, 1), padding=(1, 1))
        (conv5): Conv2d(192, 64, kernel_size=(3, 3), stride=(1, 1), padding=(1, 1))
        (lrelu): LeakyReLU(negative_slope=0.2, inplace=True)
      )
      (rdb2): ResidualDenseBlock(
        (conv1): Conv2d(64, 32, kernel_size=(3, 3), stride=(1, 1), padding=(1, 1))
        (conv2): Conv2d(96, 32, kernel_size=(3, 3), stride=(1, 1), padding=(1, 1))
        (conv3): Conv2d(128, 32, kernel_size=(3, 3), stride=(1, 1), padding=(1, 1))
        (conv4): Conv2d(160, 32, kernel_size=(3, 3), stride=(1, 1), padding=(1, 1))
        (conv5): Conv2d(192, 64, kernel_size=(3, 3), stride=(1, 1), padding=(1, 1))
        (lrelu): LeakyReLU(negative_slope=0.2, inplace=True)
      )
      (rdb3): ResidualDenseBlock(
        (conv1): Conv2d(64, 32, kernel_size=(3, 3), stride=(1, 1), padding=(1, 1))
        (conv2): Conv2d(96, 32, kernel_size=(3, 3), stride=(1, 1), padding=(1, 1))
        (conv3): Conv2d(128, 32, kernel_size=(3, 3), stride=(1, 1), padding=(1, 1))
        (conv4): Conv2d(160, 32, kernel_size=(3, 3), stride=(1, 1), padding=(1, 1))
        (conv5): Conv2d(192, 64, kernel_size=(3, 3), stride=(1, 1), padding=(1, 1))
        (lrelu): LeakyReLU(negative_slope=0.2, inplace=True)
      )
    )
    (3): RRDB(
      (rdb1): ResidualDenseBlock(
        (conv1): Conv2d(64, 32, kernel_size=(3, 3), stride=(1, 1), padding=(1, 1))
        (conv2): Conv2d(96, 32, kernel_size=(3, 3), stride=(1, 1), padding=(1, 1))
        (conv3): Conv2d(128, 32, kernel_size=(3, 3), stride=(1, 1), padding=(1, 1))
        (conv4): Conv2d(160, 32, kernel_size=(3, 3), stride=(1, 1), padding=(1, 1))
        (conv5): Conv2d(192, 64, kernel_size=(3, 3), stride=(1, 1), padding=(1, 1))
        (lrelu): LeakyReLU(negative_slope=0.2, inplace=True)
      )
      (rdb2): ResidualDenseBlock(
        (conv1): Conv2d(64, 32, kernel_size=(3, 3), stride=(1, 1), padding=(1, 1))
        (conv2): Conv2d(96, 32, kernel_size=(3, 3), stride=(1, 1), padding=(1, 1))
        (conv3): Conv2d(128, 32, kernel_size=(3, 3), stride=(1, 1), padding=(1, 1))
        (conv4): Conv2d(160, 32, kernel_size=(3, 3), stride=(1, 1), padding=(1, 1))
        (conv5): Conv2d(192, 64, kernel_size=(3, 3), stride=(1, 1), padding=(1, 1))
        (lrelu): LeakyReLU(negative_slope=0.2, inplace=True)
      )
      (rdb3): ResidualDenseBlock(
        (conv1): Conv2d(64, 32, kernel_size=(3, 3), stride=(1, 1), padding=(1, 1))
        (conv2): Conv2d(96, 32, kernel_size=(3, 3), stride=(1, 1), padding=(1, 1))
        (conv3): Conv2d(128, 32, kernel_size=(3, 3), stride=(1, 1), padding=(1, 1))
        (conv4): Conv2d(160, 32, kernel_size=(3, 3), stride=(1, 1), padding=(1, 1))
        (conv5): Conv2d(192, 64, kernel_size=(3, 3), stride=(1, 1), padding=(1, 1))
        (lrelu): LeakyReLU(negative_slope=0.2, inplace=True)
      )
    )
    (4): RRDB(
      (rdb1): ResidualDenseBlock(
        (conv1): Conv2d(64, 32, kernel_size=(3, 3), stride=(1, 1), padding=(1, 1))
        (conv2): Conv2d(96, 32, kernel_size=(3, 3), stride=(1, 1), padding=(1, 1))
        (conv3): Conv2d(128, 32, kernel_size=(3, 3), stride=(1, 1), padding=(1, 1))
        (conv4): Conv2d(160, 32, kernel_size=(3, 3), stride=(1, 1), padding=(1, 1))
        (conv5): Conv2d(192, 64, kernel_size=(3, 3), stride=(1, 1), padding=(1, 1))
        (lrelu): LeakyReLU(negative_slope=0.2, inplace=True)
      )
      (rdb2): ResidualDenseBlock(
        (conv1): Conv2d(64, 32, kernel_size=(3, 3), stride=(1, 1), padding=(1, 1))
        (conv2): Conv2d(96, 32, kernel_size=(3, 3), stride=(1, 1), padding=(1, 1))
        (conv3): Conv2d(128, 32, kernel_size=(3, 3), stride=(1, 1), padding=(1, 1))
        (conv4): Conv2d(160, 32, kernel_size=(3, 3), stride=(1, 1), padding=(1, 1))
        (conv5): Conv2d(192, 64, kernel_size=(3, 3), stride=(1, 1), padding=(1, 1))
        (lrelu): LeakyReLU(negative_slope=0.2, inplace=True)
      )
      (rdb3): ResidualDenseBlock(
        (conv1): Conv2d(64, 32, kernel_size=(3, 3), stride=(1, 1), padding=(1, 1))
        (conv2): Conv2d(96, 32, kernel_size=(3, 3), stride=(1, 1), padding=(1, 1))
        (conv3): Conv2d(128, 32, kernel_size=(3, 3), stride=(1, 1), padding=(1, 1))
        (conv4): Conv2d(160, 32, kernel_size=(3, 3), stride=(1, 1), padding=(1, 1))
        (conv5): Conv2d(192, 64, kernel_size=(3, 3), stride=(1, 1), padding=(1, 1))
        (lrelu): LeakyReLU(negative_slope=0.2, inplace=True)
      )
    )
    (5): RRDB(
      (rdb1): ResidualDenseBlock(
        (conv1): Conv2d(64, 32, kernel_size=(3, 3), stride=(1, 1), padding=(1, 1))
        (conv2): Conv2d(96, 32, kernel_size=(3, 3), stride=(1, 1), padding=(1, 1))
        (conv3): Conv2d(128, 32, kernel_size=(3, 3), stride=(1, 1), padding=(1, 1))
        (conv4): Conv2d(160, 32, kernel_size=(3, 3), stride=(1, 1), padding=(1, 1))
        (conv5): Conv2d(192, 64, kernel_size=(3, 3), stride=(1, 1), padding=(1, 1))
        (lrelu): LeakyReLU(negative_slope=0.2, inplace=True)
      )
      (rdb2): ResidualDenseBlock(
        (conv1): Conv2d(64, 32, kernel_size=(3, 3), stride=(1, 1), padding=(1, 1))
        (conv2): Conv2d(96, 32, kernel_size=(3, 3), stride=(1, 1), padding=(1, 1))
        (conv3): Conv2d(128, 32, kernel_size=(3, 3), stride=(1, 1), padding=(1, 1))
        (conv4): Conv2d(160, 32, kernel_size=(3, 3), stride=(1, 1), padding=(1, 1))
        (conv5): Conv2d(192, 64, kernel_size=(3, 3), stride=(1, 1), padding=(1, 1))
        (lrelu): LeakyReLU(negative_slope=0.2, inplace=True)
      )
      (rdb3): ResidualDenseBlock(
        (conv1): Conv2d(64, 32, kernel_size=(3, 3), stride=(1, 1), padding=(1, 1))
        (conv2): Conv2d(96, 32, kernel_size=(3, 3), stride=(1, 1), padding=(1, 1))
        (conv3): Conv2d(128, 32, kernel_size=(3, 3), stride=(1, 1), padding=(1, 1))
        (conv4): Conv2d(160, 32, kernel_size=(3, 3), stride=(1, 1), padding=(1, 1))
        (conv5): Conv2d(192, 64, kernel_size=(3, 3), stride=(1, 1), padding=(1, 1))
        (lrelu): LeakyReLU(negative_slope=0.2, inplace=True)
      )
    )
    (6): RRDB(
      (rdb1): ResidualDenseBlock(
        (conv1): Conv2d(64, 32, kernel_size=(3, 3), stride=(1, 1), padding=(1, 1))
        (conv2): Conv2d(96, 32, kernel_size=(3, 3), stride=(1, 1), padding=(1, 1))
        (conv3): Conv2d(128, 32, kernel_size=(3, 3), stride=(1, 1), padding=(1, 1))
        (conv4): Conv2d(160, 32, kernel_size=(3, 3), stride=(1, 1), padding=(1, 1))
        (conv5): Conv2d(192, 64, kernel_size=(3, 3), stride=(1, 1), padding=(1, 1))
        (lrelu): LeakyReLU(negative_slope=0.2, inplace=True)
      )
      (rdb2): ResidualDenseBlock(
        (conv1): Conv2d(64, 32, kernel_size=(3, 3), stride=(1, 1), padding=(1, 1))
        (conv2): Conv2d(96, 32, kernel_size=(3, 3), stride=(1, 1), padding=(1, 1))
        (conv3): Conv2d(128, 32, kernel_size=(3, 3), stride=(1, 1), padding=(1, 1))
        (conv4): Conv2d(160, 32, kernel_size=(3, 3), stride=(1, 1), padding=(1, 1))
        (conv5): Conv2d(192, 64, kernel_size=(3, 3), stride=(1, 1), padding=(1, 1))
        (lrelu): LeakyReLU(negative_slope=0.2, inplace=True)
      )
      (rdb3): ResidualDenseBlock(
        (conv1): Conv2d(64, 32, kernel_size=(3, 3), stride=(1, 1), padding=(1, 1))
        (conv2): Conv2d(96, 32, kernel_size=(3, 3), stride=(1, 1), padding=(1, 1))
        (conv3): Conv2d(128, 32, kernel_size=(3, 3), stride=(1, 1), padding=(1, 1))
        (conv4): Conv2d(160, 32, kernel_size=(3, 3), stride=(1, 1), padding=(1, 1))
        (conv5): Conv2d(192, 64, kernel_size=(3, 3), stride=(1, 1), padding=(1, 1))
        (lrelu): LeakyReLU(negative_slope=0.2, inplace=True)
      )
    )
    (7): RRDB(
      (rdb1): ResidualDenseBlock(
        (conv1): Conv2d(64, 32, kernel_size=(3, 3), stride=(1, 1), padding=(1, 1))
        (conv2): Conv2d(96, 32, kernel_size=(3, 3), stride=(1, 1), padding=(1, 1))
        (conv3): Conv2d(128, 32, kernel_size=(3, 3), stride=(1, 1), padding=(1, 1))
        (conv4): Conv2d(160, 32, kernel_size=(3, 3), stride=(1, 1), padding=(1, 1))
        (conv5): Conv2d(192, 64, kernel_size=(3, 3), stride=(1, 1), padding=(1, 1))
        (lrelu): LeakyReLU(negative_slope=0.2, inplace=True)
      )
      (rdb2): ResidualDenseBlock(
        (conv1): Conv2d(64, 32, kernel_size=(3, 3), stride=(1, 1), padding=(1, 1))
        (conv2): Conv2d(96, 32, kernel_size=(3, 3), stride=(1, 1), padding=(1, 1))
        (conv3): Conv2d(128, 32, kernel_size=(3, 3), stride=(1, 1), padding=(1, 1))
        (conv4): Conv2d(160, 32, kernel_size=(3, 3), stride=(1, 1), padding=(1, 1))
        (conv5): Conv2d(192, 64, kernel_size=(3, 3), stride=(1, 1), padding=(1, 1))
        (lrelu): LeakyReLU(negative_slope=0.2, inplace=True)
      )
      (rdb3): ResidualDenseBlock(
        (conv1): Conv2d(64, 32, kernel_size=(3, 3), stride=(1, 1), padding=(1, 1))
        (conv2): Conv2d(96, 32, kernel_size=(3, 3), stride=(1, 1), padding=(1, 1))
        (conv3): Conv2d(128, 32, kernel_size=(3, 3), stride=(1, 1), padding=(1, 1))
        (conv4): Conv2d(160, 32, kernel_size=(3, 3), stride=(1, 1), padding=(1, 1))
        (conv5): Conv2d(192, 64, kernel_size=(3, 3), stride=(1, 1), padding=(1, 1))
        (lrelu): LeakyReLU(negative_slope=0.2, inplace=True)
      )
    )
    (8): RRDB(
      (rdb1): ResidualDenseBlock(
        (conv1): Conv2d(64, 32, kernel_size=(3, 3), stride=(1, 1), padding=(1, 1))
        (conv2): Conv2d(96, 32, kernel_size=(3, 3), stride=(1, 1), padding=(1, 1))
        (conv3): Conv2d(128, 32, kernel_size=(3, 3), stride=(1, 1), padding=(1, 1))
        (conv4): Conv2d(160, 32, kernel_size=(3, 3), stride=(1, 1), padding=(1, 1))
        (conv5): Conv2d(192, 64, kernel_size=(3, 3), stride=(1, 1), padding=(1, 1))
        (lrelu): LeakyReLU(negative_slope=0.2, inplace=True)
      )
      (rdb2): ResidualDenseBlock(
        (conv1): Conv2d(64, 32, kernel_size=(3, 3), stride=(1, 1), padding=(1, 1))
        (conv2): Conv2d(96, 32, kernel_size=(3, 3), stride=(1, 1), padding=(1, 1))
        (conv3): Conv2d(128, 32, kernel_size=(3, 3), stride=(1, 1), padding=(1, 1))
        (conv4): Conv2d(160, 32, kernel_size=(3, 3), stride=(1, 1), padding=(1, 1))
        (conv5): Conv2d(192, 64, kernel_size=(3, 3), stride=(1, 1), padding=(1, 1))
        (lrelu): LeakyReLU(negative_slope=0.2, inplace=True)
      )
      (rdb3): ResidualDenseBlock(
        (conv1): Conv2d(64, 32, kernel_size=(3, 3), stride=(1, 1), padding=(1, 1))
        (conv2): Conv2d(96, 32, kernel_size=(3, 3), stride=(1, 1), padding=(1, 1))
        (conv3): Conv2d(128, 32, kernel_size=(3, 3), stride=(1, 1), padding=(1, 1))
        (conv4): Conv2d(160, 32, kernel_size=(3, 3), stride=(1, 1), padding=(1, 1))
        (conv5): Conv2d(192, 64, kernel_size=(3, 3), stride=(1, 1), padding=(1, 1))
        (lrelu): LeakyReLU(negative_slope=0.2, inplace=True)
      )
    )
    (9): RRDB(
      (rdb1): ResidualDenseBlock(
        (conv1): Conv2d(64, 32, kernel_size=(3, 3), stride=(1, 1), padding=(1, 1))
        (conv2): Conv2d(96, 32, kernel_size=(3, 3), stride=(1, 1), padding=(1, 1))
        (conv3): Conv2d(128, 32, kernel_size=(3, 3), stride=(1, 1), padding=(1, 1))
        (conv4): Conv2d(160, 32, kernel_size=(3, 3), stride=(1, 1), padding=(1, 1))
        (conv5): Conv2d(192, 64, kernel_size=(3, 3), stride=(1, 1), padding=(1, 1))
        (lrelu): LeakyReLU(negative_slope=0.2, inplace=True)
      )
      (rdb2): ResidualDenseBlock(
        (conv1): Conv2d(64, 32, kernel_size=(3, 3), stride=(1, 1), padding=(1, 1))
        (conv2): Conv2d(96, 32, kernel_size=(3, 3), stride=(1, 1), padding=(1, 1))
        (conv3): Conv2d(128, 32, kernel_size=(3, 3), stride=(1, 1), padding=(1, 1))
        (conv4): Conv2d(160, 32, kernel_size=(3, 3), stride=(1, 1), padding=(1, 1))
        (conv5): Conv2d(192, 64, kernel_size=(3, 3), stride=(1, 1), padding=(1, 1))
        (lrelu): LeakyReLU(negative_slope=0.2, inplace=True)
      )
      (rdb3): ResidualDenseBlock(
        (conv1): Conv2d(64, 32, kernel_size=(3, 3), stride=(1, 1), padding=(1, 1))
        (conv2): Conv2d(96, 32, kernel_size=(3, 3), stride=(1, 1), padding=(1, 1))
        (conv3): Conv2d(128, 32, kernel_size=(3, 3), stride=(1, 1), padding=(1, 1))
        (conv4): Conv2d(160, 32, kernel_size=(3, 3), stride=(1, 1), padding=(1, 1))
        (conv5): Conv2d(192, 64, kernel_size=(3, 3), stride=(1, 1), padding=(1, 1))
        (lrelu): LeakyReLU(negative_slope=0.2, inplace=True)
      )
    )
    (10): RRDB(
      (rdb1): ResidualDenseBlock(
        (conv1): Conv2d(64, 32, kernel_size=(3, 3), stride=(1, 1), padding=(1, 1))
        (conv2): Conv2d(96, 32, kernel_size=(3, 3), stride=(1, 1), padding=(1, 1))
        (conv3): Conv2d(128, 32, kernel_size=(3, 3), stride=(1, 1), padding=(1, 1))
        (conv4): Conv2d(160, 32, kernel_size=(3, 3), stride=(1, 1), padding=(1, 1))
        (conv5): Conv2d(192, 64, kernel_size=(3, 3), stride=(1, 1), padding=(1, 1))
        (lrelu): LeakyReLU(negative_slope=0.2, inplace=True)
      )
      (rdb2): ResidualDenseBlock(
        (conv1): Conv2d(64, 32, kernel_size=(3, 3), stride=(1, 1), padding=(1, 1))
        (conv2): Conv2d(96, 32, kernel_size=(3, 3), stride=(1, 1), padding=(1, 1))
        (conv3): Conv2d(128, 32, kernel_size=(3, 3), stride=(1, 1), padding=(1, 1))
        (conv4): Conv2d(160, 32, kernel_size=(3, 3), stride=(1, 1), padding=(1, 1))
        (conv5): Conv2d(192, 64, kernel_size=(3, 3), stride=(1, 1), padding=(1, 1))
        (lrelu): LeakyReLU(negative_slope=0.2, inplace=True)
      )
      (rdb3): ResidualDenseBlock(
        (conv1): Conv2d(64, 32, kernel_size=(3, 3), stride=(1, 1), padding=(1, 1))
        (conv2): Conv2d(96, 32, kernel_size=(3, 3), stride=(1, 1), padding=(1, 1))
        (conv3): Conv2d(128, 32, kernel_size=(3, 3), stride=(1, 1), padding=(1, 1))
        (conv4): Conv2d(160, 32, kernel_size=(3, 3), stride=(1, 1), padding=(1, 1))
        (conv5): Conv2d(192, 64, kernel_size=(3, 3), stride=(1, 1), padding=(1, 1))
        (lrelu): LeakyReLU(negative_slope=0.2, inplace=True)
      )
    )
    (11): RRDB(
      (rdb1): ResidualDenseBlock(
        (conv1): Conv2d(64, 32, kernel_size=(3, 3), stride=(1, 1), padding=(1, 1))
        (conv2): Conv2d(96, 32, kernel_size=(3, 3), stride=(1, 1), padding=(1, 1))
        (conv3): Conv2d(128, 32, kernel_size=(3, 3), stride=(1, 1), padding=(1, 1))
        (conv4): Conv2d(160, 32, kernel_size=(3, 3), stride=(1, 1), padding=(1, 1))
        (conv5): Conv2d(192, 64, kernel_size=(3, 3), stride=(1, 1), padding=(1, 1))
        (lrelu): LeakyReLU(negative_slope=0.2, inplace=True)
      )
      (rdb2): ResidualDenseBlock(
        (conv1): Conv2d(64, 32, kernel_size=(3, 3), stride=(1, 1), padding=(1, 1))
        (conv2): Conv2d(96, 32, kernel_size=(3, 3), stride=(1, 1), padding=(1, 1))
        (conv3): Conv2d(128, 32, kernel_size=(3, 3), stride=(1, 1), padding=(1, 1))
        (conv4): Conv2d(160, 32, kernel_size=(3, 3), stride=(1, 1), padding=(1, 1))
        (conv5): Conv2d(192, 64, kernel_size=(3, 3), stride=(1, 1), padding=(1, 1))
        (lrelu): LeakyReLU(negative_slope=0.2, inplace=True)
      )
      (rdb3): ResidualDenseBlock(
        (conv1): Conv2d(64, 32, kernel_size=(3, 3), stride=(1, 1), padding=(1, 1))
        (conv2): Conv2d(96, 32, kernel_size=(3, 3), stride=(1, 1), padding=(1, 1))
        (conv3): Conv2d(128, 32, kernel_size=(3, 3), stride=(1, 1), padding=(1, 1))
        (conv4): Conv2d(160, 32, kernel_size=(3, 3), stride=(1, 1), padding=(1, 1))
        (conv5): Conv2d(192, 64, kernel_size=(3, 3), stride=(1, 1), padding=(1, 1))
        (lrelu): LeakyReLU(negative_slope=0.2, inplace=True)
      )
    )
    (12): RRDB(
      (rdb1): ResidualDenseBlock(
        (conv1): Conv2d(64, 32, kernel_size=(3, 3), stride=(1, 1), padding=(1, 1))
        (conv2): Conv2d(96, 32, kernel_size=(3, 3), stride=(1, 1), padding=(1, 1))
        (conv3): Conv2d(128, 32, kernel_size=(3, 3), stride=(1, 1), padding=(1, 1))
        (conv4): Conv2d(160, 32, kernel_size=(3, 3), stride=(1, 1), padding=(1, 1))
        (conv5): Conv2d(192, 64, kernel_size=(3, 3), stride=(1, 1), padding=(1, 1))
        (lrelu): LeakyReLU(negative_slope=0.2, inplace=True)
      )
      (rdb2): ResidualDenseBlock(
        (conv1): Conv2d(64, 32, kernel_size=(3, 3), stride=(1, 1), padding=(1, 1))
        (conv2): Conv2d(96, 32, kernel_size=(3, 3), stride=(1, 1), padding=(1, 1))
        (conv3): Conv2d(128, 32, kernel_size=(3, 3), stride=(1, 1), padding=(1, 1))
        (conv4): Conv2d(160, 32, kernel_size=(3, 3), stride=(1, 1), padding=(1, 1))
        (conv5): Conv2d(192, 64, kernel_size=(3, 3), stride=(1, 1), padding=(1, 1))
        (lrelu): LeakyReLU(negative_slope=0.2, inplace=True)
      )
      (rdb3): ResidualDenseBlock(
        (conv1): Conv2d(64, 32, kernel_size=(3, 3), stride=(1, 1), padding=(1, 1))
        (conv2): Conv2d(96, 32, kernel_size=(3, 3), stride=(1, 1), padding=(1, 1))
        (conv3): Conv2d(128, 32, kernel_size=(3, 3), stride=(1, 1), padding=(1, 1))
        (conv4): Conv2d(160, 32, kernel_size=(3, 3), stride=(1, 1), padding=(1, 1))
        (conv5): Conv2d(192, 64, kernel_size=(3, 3), stride=(1, 1), padding=(1, 1))
        (lrelu): LeakyReLU(negative_slope=0.2, inplace=True)
      )
    )
    (13): RRDB(
      (rdb1): ResidualDenseBlock(
        (conv1): Conv2d(64, 32, kernel_size=(3, 3), stride=(1, 1), padding=(1, 1))
        (conv2): Conv2d(96, 32, kernel_size=(3, 3), stride=(1, 1), padding=(1, 1))
        (conv3): Conv2d(128, 32, kernel_size=(3, 3), stride=(1, 1), padding=(1, 1))
        (conv4): Conv2d(160, 32, kernel_size=(3, 3), stride=(1, 1), padding=(1, 1))
        (conv5): Conv2d(192, 64, kernel_size=(3, 3), stride=(1, 1), padding=(1, 1))
        (lrelu): LeakyReLU(negative_slope=0.2, inplace=True)
      )
      (rdb2): ResidualDenseBlock(
        (conv1): Conv2d(64, 32, kernel_size=(3, 3), stride=(1, 1), padding=(1, 1))
        (conv2): Conv2d(96, 32, kernel_size=(3, 3), stride=(1, 1), padding=(1, 1))
        (conv3): Conv2d(128, 32, kernel_size=(3, 3), stride=(1, 1), padding=(1, 1))
        (conv4): Conv2d(160, 32, kernel_size=(3, 3), stride=(1, 1), padding=(1, 1))
        (conv5): Conv2d(192, 64, kernel_size=(3, 3), stride=(1, 1), padding=(1, 1))
        (lrelu): LeakyReLU(negative_slope=0.2, inplace=True)
      )
      (rdb3): ResidualDenseBlock(
        (conv1): Conv2d(64, 32, kernel_size=(3, 3), stride=(1, 1), padding=(1, 1))
        (conv2): Conv2d(96, 32, kernel_size=(3, 3), stride=(1, 1), padding=(1, 1))
        (conv3): Conv2d(128, 32, kernel_size=(3, 3), stride=(1, 1), padding=(1, 1))
        (conv4): Conv2d(160, 32, kernel_size=(3, 3), stride=(1, 1), padding=(1, 1))
        (conv5): Conv2d(192, 64, kernel_size=(3, 3), stride=(1, 1), padding=(1, 1))
        (lrelu): LeakyReLU(negative_slope=0.2, inplace=True)
      )
    )
    (14): RRDB(
      (rdb1): ResidualDenseBlock(
        (conv1): Conv2d(64, 32, kernel_size=(3, 3), stride=(1, 1), padding=(1, 1))
        (conv2): Conv2d(96, 32, kernel_size=(3, 3), stride=(1, 1), padding=(1, 1))
        (conv3): Conv2d(128, 32, kernel_size=(3, 3), stride=(1, 1), padding=(1, 1))
        (conv4): Conv2d(160, 32, kernel_size=(3, 3), stride=(1, 1), padding=(1, 1))
        (conv5): Conv2d(192, 64, kernel_size=(3, 3), stride=(1, 1), padding=(1, 1))
        (lrelu): LeakyReLU(negative_slope=0.2, inplace=True)
      )
      (rdb2): ResidualDenseBlock(
        (conv1): Conv2d(64, 32, kernel_size=(3, 3), stride=(1, 1), padding=(1, 1))
        (conv2): Conv2d(96, 32, kernel_size=(3, 3), stride=(1, 1), padding=(1, 1))
        (conv3): Conv2d(128, 32, kernel_size=(3, 3), stride=(1, 1), padding=(1, 1))
        (conv4): Conv2d(160, 32, kernel_size=(3, 3), stride=(1, 1), padding=(1, 1))
        (conv5): Conv2d(192, 64, kernel_size=(3, 3), stride=(1, 1), padding=(1, 1))
        (lrelu): LeakyReLU(negative_slope=0.2, inplace=True)
      )
      (rdb3): ResidualDenseBlock(
        (conv1): Conv2d(64, 32, kernel_size=(3, 3), stride=(1, 1), padding=(1, 1))
        (conv2): Conv2d(96, 32, kernel_size=(3, 3), stride=(1, 1), padding=(1, 1))
        (conv3): Conv2d(128, 32, kernel_size=(3, 3), stride=(1, 1), padding=(1, 1))
        (conv4): Conv2d(160, 32, kernel_size=(3, 3), stride=(1, 1), padding=(1, 1))
        (conv5): Conv2d(192, 64, kernel_size=(3, 3), stride=(1, 1), padding=(1, 1))
        (lrelu): LeakyReLU(negative_slope=0.2, inplace=True)
      )
    )
    (15): RRDB(
      (rdb1): ResidualDenseBlock(
        (conv1): Conv2d(64, 32, kernel_size=(3, 3), stride=(1, 1), padding=(1, 1))
        (conv2): Conv2d(96, 32, kernel_size=(3, 3), stride=(1, 1), padding=(1, 1))
        (conv3): Conv2d(128, 32, kernel_size=(3, 3), stride=(1, 1), padding=(1, 1))
        (conv4): Conv2d(160, 32, kernel_size=(3, 3), stride=(1, 1), padding=(1, 1))
        (conv5): Conv2d(192, 64, kernel_size=(3, 3), stride=(1, 1), padding=(1, 1))
        (lrelu): LeakyReLU(negative_slope=0.2, inplace=True)
      )
      (rdb2): ResidualDenseBlock(
        (conv1): Conv2d(64, 32, kernel_size=(3, 3), stride=(1, 1), padding=(1, 1))
        (conv2): Conv2d(96, 32, kernel_size=(3, 3), stride=(1, 1), padding=(1, 1))
        (conv3): Conv2d(128, 32, kernel_size=(3, 3), stride=(1, 1), padding=(1, 1))
        (conv4): Conv2d(160, 32, kernel_size=(3, 3), stride=(1, 1), padding=(1, 1))
        (conv5): Conv2d(192, 64, kernel_size=(3, 3), stride=(1, 1), padding=(1, 1))
        (lrelu): LeakyReLU(negative_slope=0.2, inplace=True)
      )
      (rdb3): ResidualDenseBlock(
        (conv1): Conv2d(64, 32, kernel_size=(3, 3), stride=(1, 1), padding=(1, 1))
        (conv2): Conv2d(96, 32, kernel_size=(3, 3), stride=(1, 1), padding=(1, 1))
        (conv3): Conv2d(128, 32, kernel_size=(3, 3), stride=(1, 1), padding=(1, 1))
        (conv4): Conv2d(160, 32, kernel_size=(3, 3), stride=(1, 1), padding=(1, 1))
        (conv5): Conv2d(192, 64, kernel_size=(3, 3), stride=(1, 1), padding=(1, 1))
        (lrelu): LeakyReLU(negative_slope=0.2, inplace=True)
      )
    )
    (16): RRDB(
      (rdb1): ResidualDenseBlock(
        (conv1): Conv2d(64, 32, kernel_size=(3, 3), stride=(1, 1), padding=(1, 1))
        (conv2): Conv2d(96, 32, kernel_size=(3, 3), stride=(1, 1), padding=(1, 1))
        (conv3): Conv2d(128, 32, kernel_size=(3, 3), stride=(1, 1), padding=(1, 1))
        (conv4): Conv2d(160, 32, kernel_size=(3, 3), stride=(1, 1), padding=(1, 1))
        (conv5): Conv2d(192, 64, kernel_size=(3, 3), stride=(1, 1), padding=(1, 1))
        (lrelu): LeakyReLU(negative_slope=0.2, inplace=True)
      )
      (rdb2): ResidualDenseBlock(
        (conv1): Conv2d(64, 32, kernel_size=(3, 3), stride=(1, 1), padding=(1, 1))
        (conv2): Conv2d(96, 32, kernel_size=(3, 3), stride=(1, 1), padding=(1, 1))
        (conv3): Conv2d(128, 32, kernel_size=(3, 3), stride=(1, 1), padding=(1, 1))
        (conv4): Conv2d(160, 32, kernel_size=(3, 3), stride=(1, 1), padding=(1, 1))
        (conv5): Conv2d(192, 64, kernel_size=(3, 3), stride=(1, 1), padding=(1, 1))
        (lrelu): LeakyReLU(negative_slope=0.2, inplace=True)
      )
      (rdb3): ResidualDenseBlock(
        (conv1): Conv2d(64, 32, kernel_size=(3, 3), stride=(1, 1), padding=(1, 1))
        (conv2): Conv2d(96, 32, kernel_size=(3, 3), stride=(1, 1), padding=(1, 1))
        (conv3): Conv2d(128, 32, kernel_size=(3, 3), stride=(1, 1), padding=(1, 1))
        (conv4): Conv2d(160, 32, kernel_size=(3, 3), stride=(1, 1), padding=(1, 1))
        (conv5): Conv2d(192, 64, kernel_size=(3, 3), stride=(1, 1), padding=(1, 1))
        (lrelu): LeakyReLU(negative_slope=0.2, inplace=True)
      )
    )
    (17): RRDB(
      (rdb1): ResidualDenseBlock(
        (conv1): Conv2d(64, 32, kernel_size=(3, 3), stride=(1, 1), padding=(1, 1))
        (conv2): Conv2d(96, 32, kernel_size=(3, 3), stride=(1, 1), padding=(1, 1))
        (conv3): Conv2d(128, 32, kernel_size=(3, 3), stride=(1, 1), padding=(1, 1))
        (conv4): Conv2d(160, 32, kernel_size=(3, 3), stride=(1, 1), padding=(1, 1))
        (conv5): Conv2d(192, 64, kernel_size=(3, 3), stride=(1, 1), padding=(1, 1))
        (lrelu): LeakyReLU(negative_slope=0.2, inplace=True)
      )
      (rdb2): ResidualDenseBlock(
        (conv1): Conv2d(64, 32, kernel_size=(3, 3), stride=(1, 1), padding=(1, 1))
        (conv2): Conv2d(96, 32, kernel_size=(3, 3), stride=(1, 1), padding=(1, 1))
        (conv3): Conv2d(128, 32, kernel_size=(3, 3), stride=(1, 1), padding=(1, 1))
        (conv4): Conv2d(160, 32, kernel_size=(3, 3), stride=(1, 1), padding=(1, 1))
        (conv5): Conv2d(192, 64, kernel_size=(3, 3), stride=(1, 1), padding=(1, 1))
        (lrelu): LeakyReLU(negative_slope=0.2, inplace=True)
      )
      (rdb3): ResidualDenseBlock(
        (conv1): Conv2d(64, 32, kernel_size=(3, 3), stride=(1, 1), padding=(1, 1))
        (conv2): Conv2d(96, 32, kernel_size=(3, 3), stride=(1, 1), padding=(1, 1))
        (conv3): Conv2d(128, 32, kernel_size=(3, 3), stride=(1, 1), padding=(1, 1))
        (conv4): Conv2d(160, 32, kernel_size=(3, 3), stride=(1, 1), padding=(1, 1))
        (conv5): Conv2d(192, 64, kernel_size=(3, 3), stride=(1, 1), padding=(1, 1))
        (lrelu): LeakyReLU(negative_slope=0.2, inplace=True)
      )
    )
    (18): RRDB(
      (rdb1): ResidualDenseBlock(
        (conv1): Conv2d(64, 32, kernel_size=(3, 3), stride=(1, 1), padding=(1, 1))
        (conv2): Conv2d(96, 32, kernel_size=(3, 3), stride=(1, 1), padding=(1, 1))
        (conv3): Conv2d(128, 32, kernel_size=(3, 3), stride=(1, 1), padding=(1, 1))
        (conv4): Conv2d(160, 32, kernel_size=(3, 3), stride=(1, 1), padding=(1, 1))
        (conv5): Conv2d(192, 64, kernel_size=(3, 3), stride=(1, 1), padding=(1, 1))
        (lrelu): LeakyReLU(negative_slope=0.2, inplace=True)
      )
      (rdb2): ResidualDenseBlock(
        (conv1): Conv2d(64, 32, kernel_size=(3, 3), stride=(1, 1), padding=(1, 1))
        (conv2): Conv2d(96, 32, kernel_size=(3, 3), stride=(1, 1), padding=(1, 1))
        (conv3): Conv2d(128, 32, kernel_size=(3, 3), stride=(1, 1), padding=(1, 1))
        (conv4): Conv2d(160, 32, kernel_size=(3, 3), stride=(1, 1), padding=(1, 1))
        (conv5): Conv2d(192, 64, kernel_size=(3, 3), stride=(1, 1), padding=(1, 1))
        (lrelu): LeakyReLU(negative_slope=0.2, inplace=True)
      )
      (rdb3): ResidualDenseBlock(
        (conv1): Conv2d(64, 32, kernel_size=(3, 3), stride=(1, 1), padding=(1, 1))
        (conv2): Conv2d(96, 32, kernel_size=(3, 3), stride=(1, 1), padding=(1, 1))
        (conv3): Conv2d(128, 32, kernel_size=(3, 3), stride=(1, 1), padding=(1, 1))
        (conv4): Conv2d(160, 32, kernel_size=(3, 3), stride=(1, 1), padding=(1, 1))
        (conv5): Conv2d(192, 64, kernel_size=(3, 3), stride=(1, 1), padding=(1, 1))
        (lrelu): LeakyReLU(negative_slope=0.2, inplace=True)
      )
    )
    (19): RRDB(
      (rdb1): ResidualDenseBlock(
        (conv1): Conv2d(64, 32, kernel_size=(3, 3), stride=(1, 1), padding=(1, 1))
        (conv2): Conv2d(96, 32, kernel_size=(3, 3), stride=(1, 1), padding=(1, 1))
        (conv3): Conv2d(128, 32, kernel_size=(3, 3), stride=(1, 1), padding=(1, 1))
        (conv4): Conv2d(160, 32, kernel_size=(3, 3), stride=(1, 1), padding=(1, 1))
        (conv5): Conv2d(192, 64, kernel_size=(3, 3), stride=(1, 1), padding=(1, 1))
        (lrelu): LeakyReLU(negative_slope=0.2, inplace=True)
      )
      (rdb2): ResidualDenseBlock(
        (conv1): Conv2d(64, 32, kernel_size=(3, 3), stride=(1, 1), padding=(1, 1))
        (conv2): Conv2d(96, 32, kernel_size=(3, 3), stride=(1, 1), padding=(1, 1))
        (conv3): Conv2d(128, 32, kernel_size=(3, 3), stride=(1, 1), padding=(1, 1))
        (conv4): Conv2d(160, 32, kernel_size=(3, 3), stride=(1, 1), padding=(1, 1))
        (conv5): Conv2d(192, 64, kernel_size=(3, 3), stride=(1, 1), padding=(1, 1))
        (lrelu): LeakyReLU(negative_slope=0.2, inplace=True)
      )
      (rdb3): ResidualDenseBlock(
        (conv1): Conv2d(64, 32, kernel_size=(3, 3), stride=(1, 1), padding=(1, 1))
        (conv2): Conv2d(96, 32, kernel_size=(3, 3), stride=(1, 1), padding=(1, 1))
        (conv3): Conv2d(128, 32, kernel_size=(3, 3), stride=(1, 1), padding=(1, 1))
        (conv4): Conv2d(160, 32, kernel_size=(3, 3), stride=(1, 1), padding=(1, 1))
        (conv5): Conv2d(192, 64, kernel_size=(3, 3), stride=(1, 1), padding=(1, 1))
        (lrelu): LeakyReLU(negative_slope=0.2, inplace=True)
      )
    )
    (20): RRDB(
      (rdb1): ResidualDenseBlock(
        (conv1): Conv2d(64, 32, kernel_size=(3, 3), stride=(1, 1), padding=(1, 1))
        (conv2): Conv2d(96, 32, kernel_size=(3, 3), stride=(1, 1), padding=(1, 1))
        (conv3): Conv2d(128, 32, kernel_size=(3, 3), stride=(1, 1), padding=(1, 1))
        (conv4): Conv2d(160, 32, kernel_size=(3, 3), stride=(1, 1), padding=(1, 1))
        (conv5): Conv2d(192, 64, kernel_size=(3, 3), stride=(1, 1), padding=(1, 1))
        (lrelu): LeakyReLU(negative_slope=0.2, inplace=True)
      )
      (rdb2): ResidualDenseBlock(
        (conv1): Conv2d(64, 32, kernel_size=(3, 3), stride=(1, 1), padding=(1, 1))
        (conv2): Conv2d(96, 32, kernel_size=(3, 3), stride=(1, 1), padding=(1, 1))
        (conv3): Conv2d(128, 32, kernel_size=(3, 3), stride=(1, 1), padding=(1, 1))
        (conv4): Conv2d(160, 32, kernel_size=(3, 3), stride=(1, 1), padding=(1, 1))
        (conv5): Conv2d(192, 64, kernel_size=(3, 3), stride=(1, 1), padding=(1, 1))
        (lrelu): LeakyReLU(negative_slope=0.2, inplace=True)
      )
      (rdb3): ResidualDenseBlock(
        (conv1): Conv2d(64, 32, kernel_size=(3, 3), stride=(1, 1), padding=(1, 1))
        (conv2): Conv2d(96, 32, kernel_size=(3, 3), stride=(1, 1), padding=(1, 1))
        (conv3): Conv2d(128, 32, kernel_size=(3, 3), stride=(1, 1), padding=(1, 1))
        (conv4): Conv2d(160, 32, kernel_size=(3, 3), stride=(1, 1), padding=(1, 1))
        (conv5): Conv2d(192, 64, kernel_size=(3, 3), stride=(1, 1), padding=(1, 1))
        (lrelu): LeakyReLU(negative_slope=0.2, inplace=True)
      )
    )
    (21): RRDB(
      (rdb1): ResidualDenseBlock(
        (conv1): Conv2d(64, 32, kernel_size=(3, 3), stride=(1, 1), padding=(1, 1))
        (conv2): Conv2d(96, 32, kernel_size=(3, 3), stride=(1, 1), padding=(1, 1))
        (conv3): Conv2d(128, 32, kernel_size=(3, 3), stride=(1, 1), padding=(1, 1))
        (conv4): Conv2d(160, 32, kernel_size=(3, 3), stride=(1, 1), padding=(1, 1))
        (conv5): Conv2d(192, 64, kernel_size=(3, 3), stride=(1, 1), padding=(1, 1))
        (lrelu): LeakyReLU(negative_slope=0.2, inplace=True)
      )
      (rdb2): ResidualDenseBlock(
        (conv1): Conv2d(64, 32, kernel_size=(3, 3), stride=(1, 1), padding=(1, 1))
        (conv2): Conv2d(96, 32, kernel_size=(3, 3), stride=(1, 1), padding=(1, 1))
        (conv3): Conv2d(128, 32, kernel_size=(3, 3), stride=(1, 1), padding=(1, 1))
        (conv4): Conv2d(160, 32, kernel_size=(3, 3), stride=(1, 1), padding=(1, 1))
        (conv5): Conv2d(192, 64, kernel_size=(3, 3), stride=(1, 1), padding=(1, 1))
        (lrelu): LeakyReLU(negative_slope=0.2, inplace=True)
      )
      (rdb3): ResidualDenseBlock(
        (conv1): Conv2d(64, 32, kernel_size=(3, 3), stride=(1, 1), padding=(1, 1))
        (conv2): Conv2d(96, 32, kernel_size=(3, 3), stride=(1, 1), padding=(1, 1))
        (conv3): Conv2d(128, 32, kernel_size=(3, 3), stride=(1, 1), padding=(1, 1))
        (conv4): Conv2d(160, 32, kernel_size=(3, 3), stride=(1, 1), padding=(1, 1))
        (conv5): Conv2d(192, 64, kernel_size=(3, 3), stride=(1, 1), padding=(1, 1))
        (lrelu): LeakyReLU(negative_slope=0.2, inplace=True)
      )
    )
    (22): RRDB(
      (rdb1): ResidualDenseBlock(
        (conv1): Conv2d(64, 32, kernel_size=(3, 3), stride=(1, 1), padding=(1, 1))
        (conv2): Conv2d(96, 32, kernel_size=(3, 3), stride=(1, 1), padding=(1, 1))
        (conv3): Conv2d(128, 32, kernel_size=(3, 3), stride=(1, 1), padding=(1, 1))
        (conv4): Conv2d(160, 32, kernel_size=(3, 3), stride=(1, 1), padding=(1, 1))
        (conv5): Conv2d(192, 64, kernel_size=(3, 3), stride=(1, 1), padding=(1, 1))
        (lrelu): LeakyReLU(negative_slope=0.2, inplace=True)
      )
      (rdb2): ResidualDenseBlock(
        (conv1): Conv2d(64, 32, kernel_size=(3, 3), stride=(1, 1), padding=(1, 1))
        (conv2): Conv2d(96, 32, kernel_size=(3, 3), stride=(1, 1), padding=(1, 1))
        (conv3): Conv2d(128, 32, kernel_size=(3, 3), stride=(1, 1), padding=(1, 1))
        (conv4): Conv2d(160, 32, kernel_size=(3, 3), stride=(1, 1), padding=(1, 1))
        (conv5): Conv2d(192, 64, kernel_size=(3, 3), stride=(1, 1), padding=(1, 1))
        (lrelu): LeakyReLU(negative_slope=0.2, inplace=True)
      )
      (rdb3): ResidualDenseBlock(
        (conv1): Conv2d(64, 32, kernel_size=(3, 3), stride=(1, 1), padding=(1, 1))
        (conv2): Conv2d(96, 32, kernel_size=(3, 3), stride=(1, 1), padding=(1, 1))
        (conv3): Conv2d(128, 32, kernel_size=(3, 3), stride=(1, 1), padding=(1, 1))
        (conv4): Conv2d(160, 32, kernel_size=(3, 3), stride=(1, 1), padding=(1, 1))
        (conv5): Conv2d(192, 64, kernel_size=(3, 3), stride=(1, 1), padding=(1, 1))
        (lrelu): LeakyReLU(negative_slope=0.2, inplace=True)
      )
    )
  )
  (conv_body): Conv2d(64, 64, kernel_size=(3, 3), stride=(1, 1), padding=(1, 1))
  (conv_up1): Conv2d(64, 64, kernel_size=(3, 3), stride=(1, 1), padding=(1, 1))
  (conv_up2): Conv2d(64, 64, kernel_size=(3, 3), stride=(1, 1), padding=(1, 1))
  (conv_hr): Conv2d(64, 64, kernel_size=(3, 3), stride=(1, 1), padding=(1, 1))
  (conv_last): Conv2d(64, 3, kernel_size=(3, 3), stride=(1, 1), padding=(1, 1))
  (lrelu): LeakyReLU(negative_slope=0.2, inplace=True)
)
2026-09-19 13:06:26,178 INFO: Loading SSR_RRDBNet model from ./weights/india_finetune_net_g_20000.pth, with param key: [params_ema].
2026-09-19 13:06:26,226 INFO: Use Exponential Moving Average with decay: 0.999
2026-09-19 13:06:26,356 INFO: Network [SSR_RRDBNet] is created.
2026-09-19 13:06:26,481 INFO: Loading SSR_RRDBNet model from ./weights/india_finetune_net_g_20000.pth, with param key: [params_ema].
2026-09-19 13:06:26,542 INFO: Network [SSR_UNetDiscriminatorSN] is created.
2026-09-19 13:06:26,546 INFO: Network: SSR_UNetDiscriminatorSN, with parameters: 4,390,721
2026-09-19 13:06:26,546 INFO: SSR_UNetDiscriminatorSN(
  (conv0): Conv2d(27, 64, kernel_size=(3, 3), stride=(1, 1), padding=(1, 1))
  (conv1): Conv2d(64, 128, kernel_size=(4, 4), stride=(2, 2), padding=(1, 1), bias=False)
  (conv2): Conv2d(128, 256, kernel_size=(4, 4), stride=(2, 2), padding=(1, 1), bias=False)
  (conv3): Conv2d(256, 512, kernel_size=(4, 4), stride=(2, 2), padding=(1, 1), bias=False)
  (conv4): Conv2d(512, 256, kernel_size=(3, 3), stride=(1, 1), padding=(1, 1), bias=False)
  (conv5): Conv2d(256, 128, kernel_size=(3, 3), stride=(1, 1), padding=(1, 1), bias=False)
  (conv6): Conv2d(128, 64, kernel_size=(3, 3), stride=(1, 1), padding=(1, 1), bias=False)
  (conv7): Conv2d(64, 64, kernel_size=(3, 3), stride=(1, 1), padding=(1, 1), bias=False)
  (conv8): Conv2d(64, 64, kernel_size=(3, 3), stride=(1, 1), padding=(1, 1), bias=False)
  (conv9): Conv2d(64, 1, kernel_size=(3, 3), stride=(1, 1), padding=(1, 1))
)
2026-09-19 13:06:26,569 INFO: Loading SSR_UNetDiscriminatorSN model from ./weights/india_finetune_net_d_20000.pth, with param key: [params].
2026-09-19 13:06:26,574 INFO: Loss [L1Loss] is created.
2026-09-19 13:06:27,405 INFO: Loss [PerceptualLoss] is created.
2026-09-19 13:06:27,423 INFO: Loss [GANLoss] is created.
2026-09-19 13:06:27,426 INFO: Model [SSRESRGANModel] is created.
2026-09-19 13:06:42,236 INFO: Start training from epoch: 0, iter: 0
2026-09-19 13:08:35,095 INFO: [arcgi..][epoch:  0, iter:     200, lr:(5.000e-05,)] [eta: 2:36:26, time (data): 0.564 (0.083)] l_g_pix: 7.3152e-02 l_g_grad: 1.0425e-01 l_g_percep: 7.9085e+00 l_g_gan: 5.0375e-02 l_d_real: 1.0875e-01 out_d_real: 3.8118e+00 l_d_fake: 9.2304e-01 out_d_fake: -8.4342e-02 
2026-09-19 13:09:55,052 INFO: [arcgi..][epoch:  0, iter:     400, lr:(5.000e-05,)] [eta: 2:36:10, time (data): 0.400 (0.001)] l_g_pix: 9.1766e-02 l_g_grad: 1.4524e-01 l_g_percep: 8.7202e+00 l_g_gan: 1.0189e-01 l_d_real: 1.4056e-01 out_d_real: 4.3340e+00 l_d_fake: 3.5349e-01 out_d_fake: -1.6840e+00 
2026-09-19 13:11:14,807 INFO: [arcgi..][epoch:  0, iter:     600, lr:(5.000e-05,)] [eta: 2:35:04, time (data): 0.399 (0.001)] l_g_pix: 8.7179e-02 l_g_grad: 1.3313e-01 l_g_percep: 8.2748e+00 l_g_gan: 1.6094e-01 l_d_real: 2.9547e-01 out_d_real: 3.1290e+00 l_d_fake: 1.8953e-01 out_d_fake: -3.0262e+00 
2026-09-19 13:12:34,725 INFO: [arcgi..][epoch:  0, iter:     800, lr:(5.000e-05,)] [eta: 2:33:56, time (data): 0.400 (0.001)] l_g_pix: 8.4616e-02 l_g_grad: 1.3458e-01 l_g_percep: 8.6905e+00 l_g_gan: 1.2355e-01 l_d_real: 1.1031e-01 out_d_real: 5.7709e+00 l_d_fake: 3.5757e-01 out_d_fake: -2.1113e+00 
2026-09-19 13:13:54,909 INFO: [arcgi..][epoch:  0, iter:   1,000, lr:(5.000e-05,)] [eta: 2:32:49, time (data): 0.401 (0.001)] l_g_pix: 7.7666e-02 l_g_grad: 1.3024e-01 l_g_percep: 8.0449e+00 l_g_gan: 9.6741e-02 l_d_real: 5.0265e-02 out_d_real: 4.5769e+00 l_d_fake: 3.5709e-01 out_d_fake: -1.5738e+00 
2026-09-19 13:15:15,033 INFO: [arcgi..][epoch:  0, iter:   1,200, lr:(5.000e-05,)] [eta: 2:31:37, time (data): 0.400 (0.001)] l_g_pix: 8.6493e-02 l_g_grad: 1.2646e-01 l_g_percep: 8.6331e+00 l_g_gan: 1.1984e-01 l_d_real: 1.8751e-01 out_d_real: 4.4194e+00 l_d_fake: 3.6355e-01 out_d_fake: -2.0311e+00 
2026-09-19 13:16:35,222 INFO: [arcgi..][epoch:  0, iter:   1,400, lr:(5.000e-05,)] [eta: 2:30:23, time (data): 0.401 (0.001)] l_g_pix: 8.9415e-02 l_g_grad: 1.4619e-01 l_g_percep: 9.1543e+00 l_g_gan: 1.7884e-01 l_d_real: 1.8085e-01 out_d_real: 4.9070e+00 l_d_fake: 1.1654e-01 out_d_fake: -3.4568e+00 
2026-09-19 13:17:55,351 INFO: [arcgi..][epoch:  0, iter:   1,600, lr:(5.000e-05,)] [eta: 2:29:07, time (data): 0.401 (0.001)] l_g_pix: 8.6880e-02 l_g_grad: 1.2855e-01 l_g_percep: 8.3643e+00 l_g_gan: 1.2591e-01 l_d_real: 1.0979e-01 out_d_real: 4.4877e+00 l_d_fake: 2.8918e-01 out_d_fake: -2.2243e+00 
2026-09-19 13:19:16,066 INFO: [arcgi..][epoch:  0, iter:   1,800, lr:(5.000e-05,)] [eta: 2:27:57, time (data): 0.404 (0.001)] l_g_pix: 1.0058e-01 l_g_grad: 1.4248e-01 l_g_percep: 9.2099e+00 l_g_gan: 1.3229e-01 l_d_real: 1.3211e-01 out_d_real: 5.0902e+00 l_d_fake: 2.6843e-01 out_d_fake: -2.3700e+00 
2026-09-19 13:20:37,760 INFO: [arcgi..][epoch:  0, iter:   2,000, lr:(5.000e-05,)] [eta: 2:26:56, time (data): 0.408 (0.001)] l_g_pix: 8.0488e-02 l_g_grad: 1.0748e-01 l_g_percep: 8.2514e+00 l_g_gan: 1.3059e-01 l_d_real: 8.9189e-02 out_d_real: 4.7287e+00 l_d_fake: 3.1746e-01 out_d_fake: -2.2901e+00 
2026-09-19 13:21:59,850 INFO: [arcgi..][epoch:  0, iter:   2,200, lr:(5.000e-05,)] [eta: 2:25:55, time (data): 0.410 (0.001)] l_g_pix: 1.0216e-01 l_g_grad: 1.5383e-01 l_g_percep: 9.2590e+00 l_g_gan: 1.4016e-01 l_d_real: 7.2218e-02 out_d_real: 5.6420e+00 l_d_fake: 2.7430e-01 out_d_fake: -2.5217e+00 
2026-09-19 13:23:22,005 INFO: [arcgi..][epoch:  0, iter:   2,400, lr:(5.000e-05,)] [eta: 2:24:51, time (data): 0.411 (0.001)] l_g_pix: 8.6102e-02 l_g_grad: 1.1394e-01 l_g_percep: 7.9018e+00 l_g_gan: 1.7792e-01 l_d_real: 1.7321e-01 out_d_real: 4.3388e+00 l_d_fake: 1.3717e-01 out_d_fake: -3.4145e+00 
2026-09-19 13:24:44,141 INFO: [arcgi..][epoch:  0, iter:   2,600, lr:(5.000e-05,)] [eta: 2:23:44, time (data): 0.410 (0.001)] l_g_pix: 8.5578e-02 l_g_grad: 1.3061e-01 l_g_percep: 8.9319e+00 l_g_gan: 1.3974e-01 l_d_real: 4.7559e-02 out_d_real: 6.0578e+00 l_d_fake: 3.4312e-01 out_d_fake: -2.4483e+00 
2026-09-19 13:26:05,030 INFO: [arcgi..][epoch:  0, iter:   2,800, lr:(5.000e-05,)] [eta: 2:22:26, time (data): 0.405 (0.001)] l_g_pix: 8.9121e-02 l_g_grad: 1.0587e-01 l_g_percep: 7.8409e+00 l_g_gan: 9.9331e-02 l_d_real: 6.7780e-02 out_d_real: 6.1164e+00 l_d_fake: 5.3786e-01 out_d_fake: -1.4429e+00 
2026-09-19 13:27:25,878 INFO: [arcgi..][epoch:  0, iter:   3,000, lr:(5.000e-05,)] [eta: 2:21:07, time (data): 0.404 (0.001)] l_g_pix: 8.0005e-02 l_g_grad: 1.2484e-01 l_g_percep: 8.4402e+00 l_g_gan: 1.8252e-01 l_d_real: 1.0109e-01 out_d_real: 4.8319e+00 l_d_fake: 8.6550e-02 out_d_fake: -3.5565e+00 
2026-09-19 13:28:46,526 INFO: [arcgi..][epoch:  0, iter:   3,200, lr:(5.000e-05,)] [eta: 2:19:46, time (data): 0.403 (0.001)] l_g_pix: 8.5112e-02 l_g_grad: 1.4762e-01 l_g_percep: 8.3662e+00 l_g_gan: 1.4273e-01 l_d_real: 8.7872e-02 out_d_real: 5.1415e+00 l_d_fake: 2.9728e-01 out_d_fake: -2.5514e+00 
2026-09-19 13:30:07,009 INFO: [arcgi..][epoch:  0, iter:   3,400, lr:(5.000e-05,)] [eta: 2:18:24, time (data): 0.402 (0.001)] l_g_pix: 1.0386e-01 l_g_grad: 1.8079e-01 l_g_percep: 9.6211e+00 l_g_gan: 2.0816e-01 l_d_real: 2.8440e-01 out_d_real: 3.9499e+00 l_d_fake: 8.1236e-02 out_d_fake: -4.0654e+00 
2026-09-19 13:31:27,314 INFO: [arcgi..][epoch:  0, iter:   3,600, lr:(5.000e-05,)] [eta: 2:17:02, time (data): 0.401 (0.001)] l_g_pix: 7.3355e-02 l_g_grad: 1.1928e-01 l_g_percep: 8.3425e+00 l_g_gan: 1.7440e-01 l_d_real: 3.4631e-01 out_d_real: 2.5810e+00 l_d_fake: 9.6458e-02 out_d_fake: -3.3899e+00 
2026-09-19 13:32:47,858 INFO: [arcgi..][epoch:  0, iter:   3,800, lr:(5.000e-05,)] [eta: 2:15:41, time (data): 0.403 (0.001)] l_g_pix: 8.0163e-02 l_g_grad: 1.3344e-01 l_g_percep: 8.1933e+00 l_g_gan: 1.6442e-01 l_d_real: 1.2902e-01 out_d_real: 4.7085e+00 l_d_fake: 1.5294e-01 out_d_fake: -3.1226e+00 
2026-09-19 13:34:07,902 INFO: [arcgi..][epoch:  0, iter:   4,000, lr:(5.000e-05,)] [eta: 2:14:17, time (data): 0.400 (0.001)] l_g_pix: 8.2334e-02 l_g_grad: 1.3390e-01 l_g_percep: 7.5355e+00 l_g_gan: 1.9423e-01 l_d_real: 3.0649e-01 out_d_real: 3.3868e+00 l_d_fake: 1.0800e-01 out_d_fake: -3.7705e+00 
2026-09-19 13:35:30,078 INFO: [arcgi..][epoch:  0, iter:   4,200, lr:(5.000e-05,)] [eta: 2:13:04, time (data): 0.412 (0.001)] l_g_pix: 1.0069e-01 l_g_grad: 1.7347e-01 l_g_percep: 9.1734e+00 l_g_gan: 2.2980e-01 l_d_real: 2.0940e-01 out_d_real: 3.9268e+00 l_d_fake: 4.2210e-02 out_d_fake: -4.5447e+00 
2026-09-19 13:36:53,739 INFO: [arcgi..][epoch:  0, iter:   4,400, lr:(5.000e-05,)] [eta: 2:11:57, time (data): 0.418 (0.001)] l_g_pix: 7.0293e-02 l_g_grad: 1.1193e-01 l_g_percep: 7.8169e+00 l_g_gan: 2.2411e-01 l_d_real: 4.2073e-01 out_d_real: 2.6677e+00 l_d_fake: 3.4539e-02 out_d_fake: -4.4466e+00 
2026-09-19 13:38:14,890 INFO: [arcgi..][epoch:  0, iter:   4,600, lr:(5.000e-05,)] [eta: 2:10:38, time (data): 0.406 (0.001)] l_g_pix: 9.3779e-02 l_g_grad: 1.3784e-01 l_g_percep: 8.1884e+00 l_g_gan: 1.7770e-01 l_d_real: 1.8777e-01 out_d_real: 3.8680e+00 l_d_fake: 1.1233e-01 out_d_fake: -3.4392e+00 
2026-09-19 13:39:40,445 INFO: [arcgi..][epoch:  0, iter:   4,800, lr:(5.000e-05,)] [eta: 2:09:36, time (data): 0.428 (0.001)] l_g_pix: 9.6488e-02 l_g_grad: 1.7700e-01 l_g_percep: 8.9075e+00 l_g_gan: 2.1402e-01 l_d_real: 1.2618e-01 out_d_real: 4.7972e+00 l_d_fake: 6.5549e-02 out_d_fake: -4.2071e+00 
2026-09-19 13:41:06,156 INFO: [arcgi..][epoch:  0, iter:   5,000, lr:(5.000e-05,)] [eta: 2:08:33, time (data): 0.430 (0.001)] l_g_pix: 8.5425e-02 l_g_grad: 1.1318e-01 l_g_percep: 7.9812e+00 l_g_gan: 1.5726e-01 l_d_real: 9.3361e-02 out_d_real: 5.3674e+00 l_d_fake: 1.4927e-01 out_d_fake: -2.9867e+00 
2026-09-19 13:42:30,870 INFO: [arcgi..][epoch:  0, iter:   5,200, lr:(5.000e-05,)] [eta: 2:07:24, time (data): 0.425 (0.001)] l_g_pix: 9.0892e-02 l_g_grad: 1.4962e-01 l_g_percep: 8.5512e+00 l_g_gan: 1.6412e-01 l_d_real: 9.5813e-02 out_d_real: 4.6967e+00 l_d_fake: 1.6441e-01 out_d_fake: -3.1073e+00 
2026-09-19 13:43:56,536 INFO: [arcgi..][epoch:  0, iter:   5,400, lr:(5.000e-05,)] [eta: 2:06:18, time (data): 0.428 (0.001)] l_g_pix: 7.9997e-02 l_g_grad: 1.3155e-01 l_g_percep: 8.0642e+00 l_g_gan: 1.0593e-01 l_d_real: 4.3527e-02 out_d_real: 5.4612e+00 l_d_fake: 5.7530e-01 out_d_fake: -1.5399e+00 
2026-09-19 13:45:20,310 INFO: [arcgi..][epoch:  0, iter:   5,600, lr:(5.000e-05,)] [eta: 2:05:04, time (data): 0.420 (0.001)] l_g_pix: 9.0179e-02 l_g_grad: 1.6204e-01 l_g_percep: 8.7986e+00 l_g_gan: 1.2544e-01 l_d_real: 8.5397e-02 out_d_real: 4.8213e+00 l_d_fake: 2.4908e-01 out_d_fake: -2.2532e+00 
2026-09-19 13:46:41,390 INFO: [arcgi..][epoch:  0, iter:   5,800, lr:(5.000e-05,)] [eta: 2:03:41, time (data): 0.404 (0.001)] l_g_pix: 9.2411e-02 l_g_grad: 1.3653e-01 l_g_percep: 8.5229e+00 l_g_gan: 1.9721e-01 l_d_real: 3.2053e-01 out_d_real: 2.9556e+00 l_d_fake: 7.1680e-02 out_d_fake: -3.8676e+00 
2026-09-19 13:48:01,990 INFO: [arcgi..][epoch:  0, iter:   6,000, lr:(5.000e-05,)] [eta: 2:02:16, time (data): 0.403 (0.001)] l_g_pix: 9.7018e-02 l_g_grad: 1.4117e-01 l_g_percep: 8.8729e+00 l_g_gan: 2.0843e-01 l_d_real: 1.9771e-01 out_d_real: 4.9734e+00 l_d_fake: 8.9195e-02 out_d_fake: -4.0681e+00 
2026-09-19 13:48:01,996 INFO: Saving models and training states.
2026-09-19 13:48:14,761 INFO: Validation india_l2a_val
	 # cpsnr: 22.9057	Best: 22.9057 @ 6000 iter
	 # psnr: 21.2178	Best: 21.2178 @ 6000 iter
	 # ssim: 0.4998	Best: 0.4998 @ 6000 iter
	 # lpips: 0.1503	Best: 0.1503 @ 6000 iter
	 # edge_f1: 0.6773	Best: 0.6773 @ 6000 iter
	 # grad_corr: 0.3662	Best: 0.3662 @ 6000 iter

2026-09-19 13:49:35,519 INFO: [arcgi..][epoch:  0, iter:   6,200, lr:(5.000e-05,)] [eta: 2:01:29, time (data): 0.404 (0.000)] l_g_pix: 7.1088e-02 l_g_grad: 1.2209e-01 l_g_percep: 8.0136e+00 l_g_gan: 1.9538e-01 l_d_real: 1.8585e-01 out_d_real: 3.7780e+00 l_d_fake: 8.8204e-02 out_d_fake: -3.8129e+00 
2026-09-19 13:50:56,271 INFO: [arcgi..][epoch:  0, iter:   6,400, lr:(5.000e-05,)] [eta: 2:00:04, time (data): 0.404 (0.001)] l_g_pix: 9.6729e-02 l_g_grad: 1.6797e-01 l_g_percep: 9.0814e+00 l_g_gan: 1.2716e-01 l_d_real: 6.3469e-02 out_d_real: 5.3684e+00 l_d_fake: 2.9878e-01 out_d_fake: -2.2417e+00 
2026-09-19 13:52:17,184 INFO: [arcgi..][epoch:  0, iter:   6,600, lr:(5.000e-05,)] [eta: 1:58:40, time (data): 0.404 (0.001)] l_g_pix: 1.1064e-01 l_g_grad: 1.6532e-01 l_g_percep: 9.3825e+00 l_g_gan: 2.2250e-01 l_d_real: 1.5724e-01 out_d_real: 5.0303e+00 l_d_fake: 4.9148e-02 out_d_fake: -4.3907e+00 
2026-09-19 13:53:38,495 INFO: [arcgi..][epoch:  0, iter:   6,800, lr:(5.000e-05,)] [eta: 1:57:17, time (data): 0.407 (0.001)] l_g_pix: 7.1729e-02 l_g_grad: 9.7863e-02 l_g_percep: 7.9578e+00 l_g_gan: 1.7710e-01 l_d_real: 1.4615e-01 out_d_real: 4.4970e+00 l_d_fake: 9.9973e-02 out_d_fake: -3.4374e+00 
2026-09-19 13:55:00,197 INFO: [arcgi..][epoch:  0, iter:   7,000, lr:(5.000e-05,)] [eta: 1:55:54, time (data): 0.408 (0.001)] l_g_pix: 7.7053e-02 l_g_grad: 1.0549e-01 l_g_percep: 8.2584e+00 l_g_gan: 1.8226e-01 l_d_real: 1.7327e-01 out_d_real: 4.6301e+00 l_d_fake: 1.4092e-01 out_d_fake: -3.4968e+00 
2026-09-19 13:56:20,730 INFO: [arcgi..][epoch:  0, iter:   7,200, lr:(5.000e-05,)] [eta: 1:54:30, time (data): 0.402 (0.001)] l_g_pix: 7.0443e-02 l_g_grad: 1.0549e-01 l_g_percep: 7.7564e+00 l_g_gan: 1.9840e-01 l_d_real: 1.6804e-01 out_d_real: 4.8935e+00 l_d_fake: 1.4746e-01 out_d_fake: -3.8150e+00 
2026-09-19 13:57:41,986 INFO: [arcgi..][epoch:  0, iter:   7,400, lr:(5.000e-05,)] [eta: 1:53:07, time (data): 0.407 (0.001)] l_g_pix: 8.7321e-02 l_g_grad: 1.6079e-01 l_g_percep: 8.7110e+00 l_g_gan: 1.4872e-01 l_d_real: 6.1900e-02 out_d_real: 6.3093e+00 l_d_fake: 3.7631e-01 out_d_fake: -2.5943e+00 
2026-09-19 13:59:02,509 INFO: [arcgi..][epoch:  0, iter:   7,600, lr:(5.000e-05,)] [eta: 1:51:42, time (data): 0.403 (0.001)] l_g_pix: 9.9847e-02 l_g_grad: 1.3507e-01 l_g_percep: 9.0086e+00 l_g_gan: 1.3446e-01 l_d_real: 7.6910e-02 out_d_real: 5.2172e+00 l_d_fake: 2.4434e-01 out_d_fake: -2.4334e+00 
2026-09-19 14:00:23,119 INFO: [arcgi..][epoch:  0, iter:   7,800, lr:(5.000e-05,)] [eta: 1:50:18, time (data): 0.403 (0.001)] l_g_pix: 9.7528e-02 l_g_grad: 1.6432e-01 l_g_percep: 9.0443e+00 l_g_gan: 1.6788e-01 l_d_real: 6.8066e-02 out_d_real: 5.8314e+00 l_d_fake: 2.1050e-01 out_d_fake: -3.1416e+00 
2026-09-19 14:01:44,126 INFO: [arcgi..][epoch:  0, iter:   8,000, lr:(5.000e-05,)] [eta: 1:48:55, time (data): 0.405 (0.001)] l_g_pix: 9.1875e-02 l_g_grad: 1.4324e-01 l_g_percep: 8.8947e+00 l_g_gan: 2.4328e-01 l_d_real: 3.4016e-01 out_d_real: 4.0907e+00 l_d_fake: 8.8080e-02 out_d_fake: -4.7669e+00 
2026-09-19 14:03:04,515 INFO: [arcgi..][epoch:  0, iter:   8,200, lr:(5.000e-05,)] [eta: 1:47:31, time (data): 0.402 (0.001)] l_g_pix: 1.0158e-01 l_g_grad: 1.7590e-01 l_g_percep: 9.5335e+00 l_g_gan: 2.1238e-01 l_d_real: 9.0900e-02 out_d_real: 6.5554e+00 l_d_fake: 1.2345e-01 out_d_fake: -4.1116e+00 
2026-09-19 14:04:24,596 INFO: [arcgi..][epoch:  0, iter:   8,400, lr:(5.000e-05,)] [eta: 1:46:06, time (data): 0.400 (0.001)] l_g_pix: 9.3568e-02 l_g_grad: 1.4693e-01 l_g_percep: 9.3311e+00 l_g_gan: 1.4723e-01 l_d_real: 1.0014e-01 out_d_real: 5.3933e+00 l_d_fake: 2.2198e-01 out_d_fake: -2.7163e+00 
2026-09-19 14:05:44,665 INFO: [arcgi..][epoch:  0, iter:   8,600, lr:(5.000e-05,)] [eta: 1:44:42, time (data): 0.400 (0.001)] l_g_pix: 9.4769e-02 l_g_grad: 1.5133e-01 l_g_percep: 8.5639e+00 l_g_gan: 1.8211e-01 l_d_real: 1.5839e-01 out_d_real: 4.6607e+00 l_d_fake: 2.0256e-01 out_d_fake: -3.4330e+00 
2026-09-19 14:07:29,944 INFO: [arcgi..][epoch:  1, iter:   8,800, lr:(5.000e-05,)] [eta: 1:44:01, time (data): 0.561 (0.160)] l_g_pix: 8.7398e-02 l_g_grad: 1.5249e-01 l_g_percep: 8.6610e+00 l_g_gan: 1.5027e-01 l_d_real: 4.4743e-02 out_d_real: 6.7368e+00 l_d_fake: 2.4898e-01 out_d_fake: -2.7537e+00 
2026-09-19 14:08:50,046 INFO: [arcgi..][epoch:  1, iter:   9,000, lr:(5.000e-05,)] [eta: 1:42:35, time (data): 0.400 (0.001)] l_g_pix: 6.7321e-02 l_g_grad: 1.1119e-01 l_g_percep: 7.7545e+00 l_g_gan: 1.8284e-01 l_d_real: 1.3192e-01 out_d_real: 4.5719e+00 l_d_fake: 1.2056e-01 out_d_fake: -3.5227e+00 
2026-09-19 14:10:10,393 INFO: [arcgi..][epoch:  1, iter:   9,200, lr:(5.000e-05,)] [eta: 1:41:11, time (data): 0.402 (0.001)] l_g_pix: 9.0409e-02 l_g_grad: 1.4954e-01 l_g_percep: 9.0216e+00 l_g_gan: 2.1458e-01 l_d_real: 1.0801e-01 out_d_real: 5.3711e+00 l_d_fake: 1.3196e-01 out_d_fake: -4.1555e+00 
2026-09-19 14:11:30,780 INFO: [arcgi..][epoch:  1, iter:   9,400, lr:(5.000e-05,)] [eta: 1:39:46, time (data): 0.402 (0.001)] l_g_pix: 9.6840e-02 l_g_grad: 1.6049e-01 l_g_percep: 8.8860e+00 l_g_gan: 2.3532e-01 l_d_real: 2.2615e-01 out_d_real: 5.2547e+00 l_d_fake: 7.3609e-02 out_d_fake: -4.6165e+00 
2026-09-19 14:12:51,691 INFO: [arcgi..][epoch:  1, iter:   9,600, lr:(5.000e-05,)] [eta: 1:38:22, time (data): 0.405 (0.001)] l_g_pix: 7.6529e-02 l_g_grad: 1.1901e-01 l_g_percep: 7.6332e+00 l_g_gan: 2.0580e-01 l_d_real: 1.0110e-01 out_d_real: 4.4787e+00 l_d_fake: 6.4772e-02 out_d_fake: -4.0308e+00 
2026-09-19 14:14:12,374 INFO: [arcgi..][epoch:  1, iter:   9,800, lr:(5.000e-05,)] [eta: 1:36:58, time (data): 0.404 (0.001)] l_g_pix: 9.9964e-02 l_g_grad: 1.7089e-01 l_g_percep: 9.3557e+00 l_g_gan: 2.2266e-01 l_d_real: 2.0930e-01 out_d_real: 5.4500e+00 l_d_fake: 9.0093e-02 out_d_fake: -4.3538e+00 
2026-09-19 14:15:34,602 INFO: [arcgi..][epoch:  1, iter:  10,000, lr:(5.000e-05,)] [eta: 1:35:37, time (data): 0.415 (0.001)] l_g_pix: 8.4455e-02 l_g_grad: 1.4321e-01 l_g_percep: 8.3927e+00 l_g_gan: 1.5667e-01 l_d_real: 9.9818e-02 out_d_real: 5.1529e+00 l_d_fake: 3.5461e-01 out_d_fake: -2.7685e+00 
2026-09-19 14:17:01,222 INFO: [arcgi..][epoch:  1, iter:  10,200, lr:(5.000e-05,)] [eta: 1:34:21, time (data): 0.438 (0.001)] l_g_pix: 9.1956e-02 l_g_grad: 1.6879e-01 l_g_percep: 8.5091e+00 l_g_gan: 1.9350e-01 l_d_real: 1.4651e-01 out_d_real: 3.9423e+00 l_d_fake: 8.7013e-02 out_d_fake: -3.7759e+00 
2026-09-19 14:18:25,409 INFO: [arcgi..][epoch:  1, iter:  10,400, lr:(5.000e-05,)] [eta: 1:33:02, time (data): 0.408 (0.001)] l_g_pix: 8.9576e-02 l_g_grad: 1.3350e-01 l_g_percep: 8.6636e+00 l_g_gan: 2.4103e-01 l_d_real: 1.4875e-01 out_d_real: 4.6185e+00 l_d_fake: 8.0401e-02 out_d_fake: -4.7307e+00 
2026-09-19 14:19:47,729 INFO: [arcgi..][epoch:  1, iter:  10,600, lr:(5.000e-05,)] [eta: 1:31:40, time (data): 0.404 (0.001)] l_g_pix: 8.5215e-02 l_g_grad: 1.3243e-01 l_g_percep: 8.0372e+00 l_g_gan: 1.9958e-01 l_d_real: 1.5065e-01 out_d_real: 5.3933e+00 l_d_fake: 1.3001e-01 out_d_fake: -3.8533e+00 
2026-09-19 14:21:12,005 INFO: [arcgi..][epoch:  1, iter:  10,800, lr:(5.000e-05,)] [eta: 1:30:21, time (data): 0.428 (0.001)] l_g_pix: 7.3176e-02 l_g_grad: 1.2362e-01 l_g_percep: 7.5634e+00 l_g_gan: 1.8495e-01 l_d_real: 1.1249e-01 out_d_real: 5.1760e+00 l_d_fake: 1.6394e-01 out_d_fake: -3.5252e+00 
2026-09-19 14:22:33,295 INFO: [arcgi..][epoch:  1, iter:  11,000, lr:(5.000e-05,)] [eta: 1:28:57, time (data): 0.405 (0.001)] l_g_pix: 1.0073e-01 l_g_grad: 1.6235e-01 l_g_percep: 8.9555e+00 l_g_gan: 1.8696e-01 l_d_real: 8.7623e-02 out_d_real: 5.3013e+00 l_d_fake: 1.3214e-01 out_d_fake: -3.6021e+00 
2026-09-19 14:23:57,045 INFO: [arcgi..][epoch:  1, iter:  11,200, lr:(5.000e-05,)] [eta: 1:27:37, time (data): 0.419 (0.001)] l_g_pix: 8.0392e-02 l_g_grad: 1.2412e-01 l_g_percep: 8.2008e+00 l_g_gan: 1.6475e-01 l_d_real: 7.4022e-02 out_d_real: 5.8814e+00 l_d_fake: 1.6592e-01 out_d_fake: -3.1229e+00 
2026-09-19 14:25:20,598 INFO: [arcgi..][epoch:  1, iter:  11,400, lr:(5.000e-05,)] [eta: 1:26:17, time (data): 0.412 (0.001)] l_g_pix: 8.5006e-02 l_g_grad: 1.3536e-01 l_g_percep: 8.4852e+00 l_g_gan: 1.9189e-01 l_d_real: 6.4281e-02 out_d_real: 5.9931e+00 l_d_fake: 1.4992e-01 out_d_fake: -3.6729e+00 
2026-09-19 14:26:42,070 INFO: [arcgi..][epoch:  1, iter:  11,600, lr:(5.000e-05,)] [eta: 1:24:54, time (data): 0.409 (0.001)] l_g_pix: 8.8555e-02 l_g_grad: 1.5932e-01 l_g_percep: 8.9711e+00 l_g_gan: 2.4631e-01 l_d_real: 1.5270e-01 out_d_real: 4.3499e+00 l_d_fake: 4.3196e-02 out_d_fake: -4.8707e+00 
2026-09-19 14:28:06,249 INFO: [arcgi..][epoch:  1, iter:  11,800, lr:(5.000e-05,)] [eta: 1:23:34, time (data): 0.418 (0.001)] l_g_pix: 7.1439e-02 l_g_grad: 1.1356e-01 l_g_percep: 7.5536e+00 l_g_gan: 1.7302e-01 l_d_real: 1.5115e-01 out_d_real: 3.8187e+00 l_d_fake: 9.1278e-02 out_d_fake: -3.3633e+00 
2026-09-19 14:29:29,854 INFO: [arcgi..][epoch:  1, iter:  12,000, lr:(5.000e-05,)] [eta: 1:22:13, time (data): 0.418 (0.001)] l_g_pix: 6.7033e-02 l_g_grad: 1.1311e-01 l_g_percep: 7.6577e+00 l_g_gan: 2.0075e-01 l_d_real: 4.4934e-01 out_d_real: 2.6636e+00 l_d_fake: 1.2233e-01 out_d_fake: -3.8846e+00 
2026-09-19 14:29:29,861 INFO: Saving models and training states.
2026-09-19 14:29:33,444 INFO: Validation india_l2a_val
	 # cpsnr: 22.8599	Best: 22.9057 @ 6000 iter
	 # psnr: 21.2022	Best: 21.2178 @ 6000 iter
	 # ssim: 0.5023	Best: 0.5023 @ 12000 iter
	 # lpips: 0.1473	Best: 0.1473 @ 12000 iter
	 # edge_f1: 0.6704	Best: 0.6773 @ 6000 iter
	 # grad_corr: 0.3693	Best: 0.3693 @ 12000 iter

2026-09-19 14:30:58,314 INFO: [arcgi..][epoch:  1, iter:  12,200, lr:(5.000e-05,)] [eta: 1:20:57, time (data): 0.426 (0.001)] l_g_pix: 8.0023e-02 l_g_grad: 1.1020e-01 l_g_percep: 8.0902e+00 l_g_gan: 1.7097e-01 l_d_real: 8.3859e-02 out_d_real: 4.8382e+00 l_d_fake: 1.8863e-01 out_d_fake: -3.2234e+00 
2026-09-19 14:32:20,198 INFO: [arcgi..][epoch:  1, iter:  12,400, lr:(5.000e-05,)] [eta: 1:19:34, time (data): 0.405 (0.001)] l_g_pix: 8.9452e-02 l_g_grad: 1.5029e-01 l_g_percep: 8.7247e+00 l_g_gan: 1.8474e-01 l_d_real: 7.2545e-02 out_d_real: 5.8078e+00 l_d_fake: 1.7304e-01 out_d_fake: -3.5068e+00 
2026-09-19 14:33:46,507 INFO: [arcgi..][epoch:  1, iter:  12,600, lr:(5.000e-05,)] [eta: 1:18:15, time (data): 0.437 (0.001)] l_g_pix: 8.9807e-02 l_g_grad: 1.6359e-01 l_g_percep: 9.2704e+00 l_g_gan: 2.1698e-01 l_d_real: 1.3892e-01 out_d_real: 4.5559e+00 l_d_fake: 7.1974e-02 out_d_fake: -4.2612e+00 
2026-09-19 14:35:07,738 INFO: [arcgi..][epoch:  1, iter:  12,800, lr:(5.000e-05,)] [eta: 1:16:52, time (data): 0.405 (0.001)] l_g_pix: 7.1611e-02 l_g_grad: 1.1099e-01 l_g_percep: 7.5811e+00 l_g_gan: 1.6002e-01 l_d_real: 1.1284e-01 out_d_real: 6.0945e+00 l_d_fake: 2.3499e-01 out_d_fake: -2.9601e+00 
2026-09-19 14:36:27,945 INFO: [arcgi..][epoch:  1, iter:  13,000, lr:(5.000e-05,)] [eta: 1:15:27, time (data): 0.401 (0.001)] l_g_pix: 8.6371e-02 l_g_grad: 1.4184e-01 l_g_percep: 8.4767e+00 l_g_gan: 2.0169e-01 l_d_real: 1.9025e-01 out_d_real: 4.0983e+00 l_d_fake: 7.8681e-02 out_d_fake: -3.9431e+00 
2026-09-19 14:37:49,086 INFO: [arcgi..][epoch:  1, iter:  13,200, lr:(5.000e-05,)] [eta: 1:14:04, time (data): 0.406 (0.001)] l_g_pix: 8.3367e-02 l_g_grad: 1.3664e-01 l_g_percep: 8.1883e+00 l_g_gan: 2.3808e-01 l_d_real: 3.5232e-01 out_d_real: 2.7547e+00 l_d_fake: 6.5508e-02 out_d_fake: -4.6873e+00 
2026-09-19 14:39:10,181 INFO: [arcgi..][epoch:  1, iter:  13,400, lr:(5.000e-05,)] [eta: 1:12:41, time (data): 0.405 (0.001)] l_g_pix: 9.8478e-02 l_g_grad: 1.6951e-01 l_g_percep: 8.4613e+00 l_g_gan: 2.4179e-01 l_d_real: 2.0250e-01 out_d_real: 5.2411e+00 l_d_fake: 1.2575e-01 out_d_fake: -4.7009e+00 
2026-09-19 14:40:30,699 INFO: [arcgi..][epoch:  1, iter:  13,600, lr:(5.000e-05,)] [eta: 1:11:17, time (data): 0.403 (0.001)] l_g_pix: 7.7101e-02 l_g_grad: 1.2521e-01 l_g_percep: 8.4237e+00 l_g_gan: 1.5945e-01 l_d_real: 8.4068e-02 out_d_real: 4.6301e+00 l_d_fake: 2.0801e-01 out_d_fake: -2.9742e+00 
2026-09-19 14:41:51,200 INFO: [arcgi..][epoch:  1, iter:  13,800, lr:(5.000e-05,)] [eta: 1:09:54, time (data): 0.403 (0.001)] l_g_pix: 9.2942e-02 l_g_grad: 1.2484e-01 l_g_percep: 8.7601e+00 l_g_gan: 2.5432e-01 l_d_real: 1.8020e-01 out_d_real: 4.2420e+00 l_d_fake: 5.9360e-02 out_d_fake: -5.0224e+00 
2026-09-19 14:43:13,271 INFO: [arcgi..][epoch:  1, iter:  14,000, lr:(5.000e-05,)] [eta: 1:08:31, time (data): 0.415 (0.001)] l_g_pix: 8.3755e-02 l_g_grad: 1.2964e-01 l_g_percep: 8.3622e+00 l_g_gan: 2.5770e-01 l_d_real: 6.1655e-01 out_d_real: 2.4002e+00 l_d_fake: 4.1542e-02 out_d_fake: -5.1005e+00 
2026-09-19 14:44:37,030 INFO: [arcgi..][epoch:  1, iter:  14,200, lr:(5.000e-05,)] [eta: 1:07:10, time (data): 0.412 (0.001)] l_g_pix: 9.5355e-02 l_g_grad: 1.3832e-01 l_g_percep: 8.3866e+00 l_g_gan: 1.2935e-01 l_d_real: 8.6438e-02 out_d_real: 4.3636e+00 l_d_fake: 2.7343e-01 out_d_fake: -2.3049e+00 
2026-09-19 14:45:59,746 INFO: [arcgi..][epoch:  1, iter:  14,400, lr:(5.000e-05,)] [eta: 1:05:48, time (data): 0.415 (0.001)] l_g_pix: 9.3435e-02 l_g_grad: 1.4541e-01 l_g_percep: 8.7991e+00 l_g_gan: 1.3833e-01 l_d_real: 1.0881e-01 out_d_real: 5.3699e+00 l_d_fake: 3.5648e-01 out_d_fake: -2.4056e+00 
2026-09-19 14:47:23,082 INFO: [arcgi..][epoch:  1, iter:  14,600, lr:(5.000e-05,)] [eta: 1:04:27, time (data): 0.415 (0.001)] l_g_pix: 7.8962e-02 l_g_grad: 1.2210e-01 l_g_percep: 8.1193e+00 l_g_gan: 2.5338e-01 l_d_real: 1.5202e-01 out_d_real: 4.7589e+00 l_d_fake: 5.7193e-02 out_d_fake: -4.9924e+00 
2026-09-19 14:48:45,682 INFO: [arcgi..][epoch:  1, iter:  14,800, lr:(5.000e-05,)] [eta: 1:03:04, time (data): 0.413 (0.001)] l_g_pix: 7.8277e-02 l_g_grad: 1.4620e-01 l_g_percep: 8.1469e+00 l_g_gan: 1.7395e-01 l_d_real: 1.1125e-01 out_d_real: 4.6788e+00 l_d_fake: 1.6945e-01 out_d_fake: -3.2968e+00 
2026-09-19 14:50:06,978 INFO: [arcgi..][epoch:  1, iter:  15,000, lr:(5.000e-05,)] [eta: 1:01:42, time (data): 0.408 (0.001)] l_g_pix: 7.5833e-02 l_g_grad: 1.2690e-01 l_g_percep: 8.2159e+00 l_g_gan: 2.2837e-01 l_d_real: 1.1359e-01 out_d_real: 4.7172e+00 l_d_fake: 6.8064e-02 out_d_fake: -4.4829e+00 
2026-09-19 14:51:27,855 INFO: [arcgi..][epoch:  1, iter:  15,200, lr:(5.000e-05,)] [eta: 1:00:18, time (data): 0.404 (0.001)] l_g_pix: 9.3139e-02 l_g_grad: 1.4289e-01 l_g_percep: 9.0373e+00 l_g_gan: 2.2616e-01 l_d_real: 2.2999e-01 out_d_real: 3.4199e+00 l_d_fake: 8.4935e-02 out_d_fake: -4.4280e+00 
2026-09-19 14:52:48,586 INFO: [arcgi..][epoch:  1, iter:  15,400, lr:(5.000e-05,)] [eta: 0:58:55, time (data): 0.404 (0.001)] l_g_pix: 7.3852e-02 l_g_grad: 1.1881e-01 l_g_percep: 8.2007e+00 l_g_gan: 1.7375e-01 l_d_real: 7.3036e-02 out_d_real: 4.7143e+00 l_d_fake: 1.2526e-01 out_d_fake: -3.3442e+00 
2026-09-19 14:54:09,351 INFO: [arcgi..][epoch:  1, iter:  15,600, lr:(5.000e-05,)] [eta: 0:57:32, time (data): 0.404 (0.001)] l_g_pix: 8.5143e-02 l_g_grad: 1.3585e-01 l_g_percep: 8.2615e+00 l_g_gan: 2.2919e-01 l_d_real: 1.0182e-01 out_d_real: 5.2471e+00 l_d_fake: 6.2150e-02 out_d_fake: -4.5080e+00 
2026-09-19 14:55:30,199 INFO: [arcgi..][epoch:  1, iter:  15,800, lr:(5.000e-05,)] [eta: 0:56:09, time (data): 0.404 (0.001)] l_g_pix: 7.1087e-02 l_g_grad: 1.0290e-01 l_g_percep: 7.3489e+00 l_g_gan: 1.7441e-01 l_d_real: 1.0118e-01 out_d_real: 4.6624e+00 l_d_fake: 1.1878e-01 out_d_fake: -3.3646e+00 
2026-09-19 14:56:51,127 INFO: [arcgi..][epoch:  1, iter:  16,000, lr:(5.000e-05,)] [eta: 0:54:47, time (data): 0.404 (0.001)] l_g_pix: 7.7502e-02 l_g_grad: 1.3586e-01 l_g_percep: 8.0258e+00 l_g_gan: 1.9426e-01 l_d_real: 1.3371e-01 out_d_real: 5.0148e+00 l_d_fake: 1.1617e-01 out_d_fake: -3.7629e+00 
2026-09-19 14:58:12,096 INFO: [arcgi..][epoch:  1, iter:  16,200, lr:(5.000e-05,)] [eta: 0:53:24, time (data): 0.405 (0.001)] l_g_pix: 8.6223e-02 l_g_grad: 1.3005e-01 l_g_percep: 8.2109e+00 l_g_gan: 2.3028e-01 l_d_real: 2.6280e-01 out_d_real: 4.3174e+00 l_d_fake: 5.7672e-02 out_d_fake: -4.5379e+00 
2026-09-19 14:59:32,312 INFO: [arcgi..][epoch:  1, iter:  16,400, lr:(5.000e-05,)] [eta: 0:52:01, time (data): 0.401 (0.001)] l_g_pix: 1.1055e-01 l_g_grad: 1.6739e-01 l_g_percep: 9.7767e+00 l_g_gan: 1.5705e-01 l_d_real: 9.3333e-02 out_d_real: 4.8847e+00 l_d_fake: 1.6847e-01 out_d_fake: -2.9599e+00 
2026-09-19 15:00:52,647 INFO: [arcgi..][epoch:  1, iter:  16,600, lr:(5.000e-05,)] [eta: 0:50:38, time (data): 0.402 (0.001)] l_g_pix: 8.0498e-02 l_g_grad: 1.2605e-01 l_g_percep: 8.3350e+00 l_g_gan: 2.1233e-01 l_d_real: 4.6170e-01 out_d_real: 3.7468e+00 l_d_fake: 1.0644e-01 out_d_fake: -4.1284e+00 
2026-09-19 15:02:13,159 INFO: [arcgi..][epoch:  1, iter:  16,800, lr:(5.000e-05,)] [eta: 0:49:15, time (data): 0.404 (0.001)] l_g_pix: 5.3066e-02 l_g_grad: 7.7276e-02 l_g_percep: 7.4327e+00 l_g_gan: 1.7348e-01 l_d_real: 1.0009e-01 out_d_real: 4.8493e+00 l_d_fake: 1.5295e-01 out_d_fake: -3.3053e+00 
2026-09-19 15:03:33,542 INFO: [arcgi..][epoch:  1, iter:  17,000, lr:(5.000e-05,)] [eta: 0:47:52, time (data): 0.401 (0.001)] l_g_pix: 8.4251e-02 l_g_grad: 1.3460e-01 l_g_percep: 8.6718e+00 l_g_gan: 1.8717e-01 l_d_real: 7.1722e-02 out_d_real: 6.8678e+00 l_d_fake: 2.7875e-01 out_d_fake: -3.4524e+00 
2026-09-19 15:04:54,011 INFO: [arcgi..][epoch:  1, iter:  17,200, lr:(5.000e-05,)] [eta: 0:46:29, time (data): 0.403 (0.001)] l_g_pix: 9.3630e-02 l_g_grad: 1.6327e-01 l_g_percep: 9.2469e+00 l_g_gan: 2.2414e-01 l_d_real: 1.4974e-01 out_d_real: 4.8129e+00 l_d_fake: 7.6895e-02 out_d_fake: -4.3999e+00 
2026-09-19 15:06:36,137 INFO: [arcgi..][epoch:  2, iter:  17,400, lr:(5.000e-05,)] [eta: 0:45:15, time (data): 0.585 (0.181)] l_g_pix: 7.9694e-02 l_g_grad: 1.3386e-01 l_g_percep: 8.2604e+00 l_g_gan: 1.6919e-01 l_d_real: 3.9717e-02 out_d_real: 6.1791e+00 l_d_fake: 2.6983e-01 out_d_fake: -3.1072e+00 
2026-09-19 15:07:57,056 INFO: [arcgi..][epoch:  2, iter:  17,600, lr:(5.000e-05,)] [eta: 0:43:52, time (data): 0.405 (0.001)] l_g_pix: 1.0104e-01 l_g_grad: 1.6836e-01 l_g_percep: 9.3343e+00 l_g_gan: 1.6193e-01 l_d_real: 9.8080e-02 out_d_real: 5.2663e+00 l_d_fake: 2.8409e-01 out_d_fake: -2.9471e+00 
2026-09-19 15:09:18,074 INFO: [arcgi..][epoch:  2, iter:  17,800, lr:(5.000e-05,)] [eta: 0:42:29, time (data): 0.407 (0.001)] l_g_pix: 7.4535e-02 l_g_grad: 1.1679e-01 l_g_percep: 7.7785e+00 l_g_gan: 2.6615e-01 l_d_real: 3.0060e-01 out_d_real: 3.8988e+00 l_d_fake: 3.9495e-02 out_d_fake: -5.2762e+00 
2026-09-19 15:10:38,632 INFO: [arcgi..][epoch:  2, iter:  18,000, lr:(5.000e-05,)] [eta: 0:41:07, time (data): 0.403 (0.001)] l_g_pix: 7.5280e-02 l_g_grad: 1.1111e-01 l_g_percep: 7.6103e+00 l_g_gan: 1.5685e-01 l_d_real: 1.3271e-01 out_d_real: 4.5617e+00 l_d_fake: 1.3185e-01 out_d_fake: -2.9985e+00 
2026-09-19 15:10:38,639 INFO: Saving models and training states.
2026-09-19 15:10:42,453 INFO: Validation india_l2a_val
	 # cpsnr: 22.8014	Best: 22.9057 @ 6000 iter
	 # psnr: 21.3346	Best: 21.3346 @ 18000 iter
	 # ssim: 0.5145	Best: 0.5145 @ 18000 iter
	 # lpips: 0.1436	Best: 0.1436 @ 18000 iter
	 # edge_f1: 0.6829	Best: 0.6829 @ 18000 iter
	 # grad_corr: 0.3847	Best: 0.3847 @ 18000 iter

2026-09-19 15:12:04,202 INFO: [arcgi..][epoch:  2, iter:  18,200, lr:(5.000e-05,)] [eta: 0:39:45, time (data): 0.408 (0.001)] l_g_pix: 8.2019e-02 l_g_grad: 1.2712e-01 l_g_percep: 8.7949e+00 l_g_gan: 1.5318e-01 l_d_real: 6.4147e-02 out_d_real: 5.7254e+00 l_d_fake: 3.1174e-01 out_d_fake: -2.7379e+00 
2026-09-19 15:13:26,310 INFO: [arcgi..][epoch:  2, iter:  18,400, lr:(5.000e-05,)] [eta: 0:38:23, time (data): 0.417 (0.001)] l_g_pix: 8.2093e-02 l_g_grad: 1.1729e-01 l_g_percep: 8.2377e+00 l_g_gan: 2.2282e-01 l_d_real: 7.2751e-02 out_d_real: 5.4562e+00 l_d_fake: 7.4988e-02 out_d_fake: -4.3729e+00 
2026-09-19 15:14:48,352 INFO: [arcgi..][epoch:  2, iter:  18,600, lr:(5.000e-05,)] [eta: 0:37:01, time (data): 0.405 (0.001)] l_g_pix: 7.8623e-02 l_g_grad: 1.2929e-01 l_g_percep: 7.9469e+00 l_g_gan: 1.7015e-01 l_d_real: 1.1755e-01 out_d_real: 5.3862e+00 l_d_fake: 1.9898e-01 out_d_fake: -3.1957e+00 
2026-09-19 15:16:15,642 INFO: [arcgi..][epoch:  2, iter:  18,800, lr:(5.000e-05,)] [eta: 0:35:40, time (data): 0.458 (0.001)] l_g_pix: 6.7704e-02 l_g_grad: 1.0864e-01 l_g_percep: 7.2136e+00 l_g_gan: 2.0531e-01 l_d_real: 3.8175e-02 out_d_real: 6.7730e+00 l_d_fake: 1.6213e-01 out_d_fake: -3.9297e+00 
2026-09-19 15:17:47,756 INFO: [arcgi..][epoch:  2, iter:  19,000, lr:(5.000e-05,)] [eta: 0:34:20, time (data): 0.459 (0.001)] l_g_pix: 7.4508e-02 l_g_grad: 1.3247e-01 l_g_percep: 7.9532e+00 l_g_gan: 2.5579e-01 l_d_real: 2.1535e-01 out_d_real: 4.2229e+00 l_d_fake: 5.4068e-02 out_d_fake: -5.0494e+00 
2026-09-19 15:19:14,596 INFO: [arcgi..][epoch:  2, iter:  19,200, lr:(5.000e-05,)] [eta: 0:32:59, time (data): 0.421 (0.001)] l_g_pix: 1.0124e-01 l_g_grad: 1.7439e-01 l_g_percep: 9.6039e+00 l_g_gan: 2.3010e-01 l_d_real: 7.2839e-02 out_d_real: 5.4792e+00 l_d_fake: 1.4006e-01 out_d_fake: -4.4524e+00 
2026-09-19 15:20:37,750 INFO: [arcgi..][epoch:  2, iter:  19,400, lr:(2.500e-05,)] [eta: 0:31:36, time (data): 0.421 (0.001)] l_g_pix: 9.8846e-02 l_g_grad: 1.7641e-01 l_g_percep: 9.1006e+00 l_g_gan: 1.4399e-01 l_d_real: 3.4173e-02 out_d_real: 6.2950e+00 l_d_fake: 4.0231e-01 out_d_fake: -2.4733e+00 
2026-09-19 15:21:59,812 INFO: [arcgi..][epoch:  2, iter:  19,600, lr:(2.500e-05,)] [eta: 0:30:14, time (data): 0.410 (0.001)] l_g_pix: 7.6969e-02 l_g_grad: 1.3078e-01 l_g_percep: 8.3324e+00 l_g_gan: 2.1815e-01 l_d_real: 6.9344e-02 out_d_real: 5.8568e+00 l_d_fake: 9.7734e-02 out_d_fake: -4.2570e+00 
2026-09-19 15:23:28,623 INFO: [arcgi..][epoch:  2, iter:  19,800, lr:(2.500e-05,)] [eta: 0:28:53, time (data): 0.455 (0.001)] l_g_pix: 7.2505e-02 l_g_grad: 1.2428e-01 l_g_percep: 8.1890e+00 l_g_gan: 2.3065e-01 l_d_real: 7.0438e-02 out_d_real: 5.6395e+00 l_d_fake: 1.2967e-01 out_d_fake: -4.4757e+00 
2026-09-19 15:24:59,580 INFO: [arcgi..][epoch:  2, iter:  20,000, lr:(2.500e-05,)] [eta: 0:27:32, time (data): 0.445 (0.001)] l_g_pix: 7.7808e-02 l_g_grad: 1.3016e-01 l_g_percep: 8.5992e+00 l_g_gan: 2.6494e-01 l_d_real: 1.0186e-01 out_d_real: 5.1384e+00 l_d_fake: 4.4323e-02 out_d_fake: -5.2469e+00 
2026-09-19 15:26:26,539 INFO: [arcgi..][epoch:  2, iter:  20,200, lr:(2.500e-05,)] [eta: 0:26:10, time (data): 0.435 (0.001)] l_g_pix: 9.6435e-02 l_g_grad: 1.5821e-01 l_g_percep: 9.1807e+00 l_g_gan: 2.1197e-01 l_d_real: 2.5075e-02 out_d_real: 6.9302e+00 l_d_fake: 1.3737e-01 out_d_fake: -4.0966e+00 
2026-09-19 15:27:54,527 INFO: [arcgi..][epoch:  2, iter:  20,400, lr:(2.500e-05,)] [eta: 0:24:48, time (data): 0.448 (0.001)] l_g_pix: 7.5940e-02 l_g_grad: 1.3184e-01 l_g_percep: 8.0747e+00 l_g_gan: 2.0629e-01 l_d_real: 5.4559e-02 out_d_real: 6.4148e+00 l_d_fake: 1.9249e-01 out_d_fake: -3.9277e+00 
2026-09-19 15:29:26,072 INFO: [arcgi..][epoch:  2, iter:  20,600, lr:(2.500e-05,)] [eta: 0:23:27, time (data): 0.459 (0.001)] l_g_pix: 1.0084e-01 l_g_grad: 1.6444e-01 l_g_percep: 9.1236e+00 l_g_gan: 2.5203e-01 l_d_real: 1.9394e-01 out_d_real: 4.5122e+00 l_d_fake: 1.2560e-01 out_d_fake: -4.9050e+00 
2026-09-19 15:30:57,825 INFO: [arcgi..][epoch:  2, iter:  20,800, lr:(2.500e-05,)] [eta: 0:22:05, time (data): 0.453 (0.001)] l_g_pix: 8.7052e-02 l_g_grad: 1.4975e-01 l_g_percep: 8.8660e+00 l_g_gan: 1.9499e-01 l_d_real: 6.7903e-02 out_d_real: 5.7319e+00 l_d_fake: 2.5281e-01 out_d_fake: -3.6388e+00 
2026-09-19 15:32:24,333 INFO: [arcgi..][epoch:  2, iter:  21,000, lr:(2.500e-05,)] [eta: 0:20:43, time (data): 0.433 (0.001)] l_g_pix: 7.7462e-02 l_g_grad: 1.2527e-01 l_g_percep: 8.4666e+00 l_g_gan: 2.3071e-01 l_d_real: 9.2332e-02 out_d_real: 6.4201e+00 l_d_fake: 1.3530e-01 out_d_fake: -4.4759e+00 
2026-09-19 15:33:47,803 INFO: [arcgi..][epoch:  2, iter:  21,200, lr:(2.500e-05,)] [eta: 0:19:20, time (data): 0.409 (0.000)] l_g_pix: 6.8113e-02 l_g_grad: 9.9127e-02 l_g_percep: 7.6591e+00 l_g_gan: 2.1481e-01 l_d_real: 9.4751e-02 out_d_real: 5.7780e+00 l_d_fake: 1.7160e-01 out_d_fake: -4.1182e+00 
2026-09-19 15:35:08,192 INFO: [arcgi..][epoch:  2, iter:  21,400, lr:(2.500e-05,)] [eta: 0:17:57, time (data): 0.402 (0.001)] l_g_pix: 8.4006e-02 l_g_grad: 1.1052e-01 l_g_percep: 7.9962e+00 l_g_gan: 2.8140e-01 l_d_real: 1.6043e-01 out_d_real: 4.8114e+00 l_d_fake: 3.6532e-02 out_d_fake: -5.5835e+00 
2026-09-19 15:36:28,732 INFO: [arcgi..][epoch:  2, iter:  21,600, lr:(2.500e-05,)] [eta: 0:16:34, time (data): 0.403 (0.000)] l_g_pix: 7.1767e-02 l_g_grad: 1.1225e-01 l_g_percep: 7.9319e+00 l_g_gan: 2.2505e-01 l_d_real: 5.2211e-02 out_d_real: 6.6657e+00 l_d_fake: 1.4104e-01 out_d_fake: -4.3514e+00 
2026-09-19 15:37:49,550 INFO: [arcgi..][epoch:  2, iter:  21,800, lr:(2.500e-05,)] [eta: 0:15:11, time (data): 0.404 (0.000)] l_g_pix: 8.8085e-02 l_g_grad: 1.4652e-01 l_g_percep: 8.4345e+00 l_g_gan: 2.1316e-01 l_d_real: 8.5488e-02 out_d_real: 5.8948e+00 l_d_fake: 1.5782e-01 out_d_fake: -4.0992e+00 
2026-09-19 15:39:12,087 INFO: [arcgi..][epoch:  2, iter:  22,000, lr:(2.500e-05,)] [eta: 0:13:48, time (data): 0.413 (0.001)] l_g_pix: 1.0634e-01 l_g_grad: 1.8076e-01 l_g_percep: 9.4379e+00 l_g_gan: 2.9336e-01 l_d_real: 1.1867e-01 out_d_real: 6.0022e+00 l_d_fake: 5.0601e-02 out_d_fake: -5.8090e+00 
2026-09-19 15:40:33,755 INFO: [arcgi..][epoch:  2, iter:  22,200, lr:(2.500e-05,)] [eta: 0:12:25, time (data): 0.408 (0.001)] l_g_pix: 9.4431e-02 l_g_grad: 1.5944e-01 l_g_percep: 9.0987e+00 l_g_gan: 2.4298e-01 l_d_real: 2.0288e-01 out_d_real: 6.6135e+00 l_d_fake: 1.1249e-01 out_d_fake: -4.7417e+00 
2026-09-19 15:41:56,323 INFO: [arcgi..][epoch:  2, iter:  22,400, lr:(2.500e-05,)] [eta: 0:11:02, time (data): 0.410 (0.001)] l_g_pix: 8.6292e-02 l_g_grad: 1.4493e-01 l_g_percep: 9.0731e+00 l_g_gan: 1.8112e-01 l_d_real: 2.0778e-02 out_d_real: 7.8891e+00 l_d_fake: 3.4171e-01 out_d_fake: -3.2770e+00 
2026-09-19 15:43:18,058 INFO: [arcgi..][epoch:  2, iter:  22,600, lr:(2.500e-05,)] [eta: 0:09:39, time (data): 0.409 (0.001)] l_g_pix: 8.7491e-02 l_g_grad: 1.4868e-01 l_g_percep: 8.6501e+00 l_g_gan: 2.6899e-01 l_d_real: 1.1727e-01 out_d_real: 5.2028e+00 l_d_fake: 5.8882e-02 out_d_fake: -5.3175e+00 
2026-09-19 15:44:39,253 INFO: [arcgi..][epoch:  2, iter:  22,800, lr:(2.500e-05,)] [eta: 0:08:16, time (data): 0.405 (0.001)] l_g_pix: 9.7078e-02 l_g_grad: 1.8112e-01 l_g_percep: 9.1035e+00 l_g_gan: 2.5047e-01 l_d_real: 5.7653e-02 out_d_real: 5.8950e+00 l_d_fake: 9.3103e-02 out_d_fake: -4.9087e+00 
2026-09-19 15:46:00,278 INFO: [arcgi..][epoch:  2, iter:  23,000, lr:(2.500e-05,)] [eta: 0:06:53, time (data): 0.404 (0.001)] l_g_pix: 9.6054e-02 l_g_grad: 1.6421e-01 l_g_percep: 9.2641e+00 l_g_gan: 2.7447e-01 l_d_real: 2.3144e-01 out_d_real: 4.9571e+00 l_d_fake: 4.3227e-02 out_d_fake: -5.4405e+00 
2026-09-19 15:47:21,400 INFO: [arcgi..][epoch:  2, iter:  23,200, lr:(2.500e-05,)] [eta: 0:05:30, time (data): 0.405 (0.001)] l_g_pix: 1.1534e-01 l_g_grad: 1.7448e-01 l_g_percep: 9.6426e+00 l_g_gan: 2.8171e-01 l_d_real: 9.5440e-02 out_d_real: 6.2737e+00 l_d_fake: 6.8912e-02 out_d_fake: -5.5590e+00 
2026-09-19 15:48:42,776 INFO: [arcgi..][epoch:  2, iter:  23,400, lr:(2.500e-05,)] [eta: 0:04:07, time (data): 0.406 (0.001)] l_g_pix: 8.1941e-02 l_g_grad: 1.5200e-01 l_g_percep: 8.0551e+00 l_g_gan: 2.5233e-01 l_d_real: 7.4420e-02 out_d_real: 6.1745e+00 l_d_fake: 7.1961e-02 out_d_fake: -4.9665e+00 
2026-09-19 15:50:04,148 INFO: [arcgi..][epoch:  2, iter:  23,600, lr:(2.500e-05,)] [eta: 0:02:45, time (data): 0.409 (0.001)] l_g_pix: 7.1273e-02 l_g_grad: 1.1264e-01 l_g_percep: 7.8289e+00 l_g_gan: 2.4783e-01 l_d_real: 8.7889e-02 out_d_real: 5.9688e+00 l_d_fake: 9.8203e-02 out_d_fake: -4.8505e+00 
2026-09-19 15:51:25,486 INFO: [arcgi..][epoch:  2, iter:  23,800, lr:(2.500e-05,)] [eta: 0:01:22, time (data): 0.407 (0.001)] l_g_pix: 8.1633e-02 l_g_grad: 1.4535e-01 l_g_percep: 8.9185e+00 l_g_gan: 2.1901e-01 l_d_real: 4.7362e-02 out_d_real: 7.6729e+00 l_d_fake: 3.4378e-01 out_d_fake: -4.0292e+00 
2026-09-19 15:52:45,844 INFO: [arcgi..][epoch:  2, iter:  24,000, lr:(2.500e-05,)] [eta: 0:00:00, time (data): 0.402 (0.001)] l_g_pix: 8.7675e-02 l_g_grad: 1.4551e-01 l_g_percep: 8.6169e+00 l_g_gan: 2.9289e-01 l_d_real: 2.5318e-01 out_d_real: 4.3220e+00 l_d_fake: 4.0089e-02 out_d_fake: -5.8106e+00 
2026-09-19 15:52:45,852 INFO: Saving models and training states.
2026-09-19 15:52:49,634 INFO: Validation india_l2a_val
	 # cpsnr: 22.7876	Best: 22.9057 @ 6000 iter
	 # psnr: 21.3100	Best: 21.3346 @ 18000 iter
	 # ssim: 0.5183	Best: 0.5183 @ 24000 iter
	 # lpips: 0.1409	Best: 0.1409 @ 24000 iter
	 # edge_f1: 0.6881	Best: 0.6881 @ 24000 iter
	 # grad_corr: 0.3905	Best: 0.3905 @ 24000 iter

2026-09-19 15:53:16,218 INFO: End of training. Time consumed: 2:46:33
2026-09-19 15:53:16,218 INFO: Save the latest model.
2026-09-19 15:53:20,185 INFO: Validation india_l2a_val
	 # cpsnr: 22.7876	Best: 22.9057 @ 6000 iter
	 # psnr: 21.3100	Best: 21.3346 @ 18000 iter
	 # ssim: 0.5183	Best: 0.5183 @ 24002 iter
	 # lpips: 0.1409	Best: 0.1409 @ 24002 iter
	 # edge_f1: 0.6881	Best: 0.6881 @ 24002 iter
	 # grad_corr: 0.3905	Best: 0.3905 @ 24002 iter

